******************************************************************************
                  TI ARM Linker PC v20.2.4                     
******************************************************************************
>> Linked Wed Aug 25 23:03:55 2021

OUTPUT FILE NAME:   <Proyecto_final_04.out>
ENTRY POINT SYMBOL: "_c_int00"  address: 0000f2f8


MEMORY CONFIGURATION

         name            origin    length      used     unused   attr    fill
----------------------  --------  ---------  --------  --------  ----  --------
  VECTORS               00000000   00000020  00000020  00000000     X
  KERNEL                00000020   00008000  00005178  00002e88  R  X
  FLASH0                00008020   00057fe0  0000904c  0004ef94  R  X
  STACKS                08000000   00000800  00000000  00000800  RW  
  KRAM                  08000800   00000800  00000104  000006fc  RW  
  RAM                   08001000   00007000  00002098  00004f68  RW  


SEGMENT ALLOCATION MAP

run origin  load origin   length   init length attrs members
----------  ----------- ---------- ----------- ----- -------
00000000    00000000    00005198   00005198    r-x
  00000000    00000000    00000020   00000020    r-x .intvecs
  00000020    00000020    00005118   00005118    r-x .kernelTEXT
  00005138    00005138    00000060   00000060    r-- .cinit
00008020    00008020    0000904c   0000904c    r-x
  00008020    00008020    00008af4   00008af4    r-x .text
  00010b14    00010b14    00000558   00000558    r-- .const
08000800    08000800    00000104   00000000    rw-
  08000800    08000800    00000104   00000000    rw- .kernelBSS
08001000    08001000    00002098   00000000    rw-
  08001000    08001000    00002000   00000000    rw- .kernelHEAP
  08003000    08003000    00000060   00000000    rw- .bss
  08003060    08003060    00000038   00000000    rw- .data


SECTION ALLOCATION MAP

 output                                  attributes/
section   page    origin      length       input sections
--------  ----  ----------  ----------   ----------------
.intvecs   0    00000000    00000020     
                  00000000    00000020     sys_intvecs.obj (.intvecs)

.kernelTEXT 
*          0    00000020    00005118     
                  00000020    00002bb8     os_tasks.obj (.kernelTEXT)
                  00002bd8    00001260     os_queue.obj (.kernelTEXT)
                  00003e38    00000818     os_event_groups.obj (.kernelTEXT)
                  00004650    000003bc     os_port.obj (.kernelTEXT)
                  00004a0c    000003b0     os_portasm.obj (.kernelTEXT)
                  00004dbc    0000037c     os_heap.obj (.kernelTEXT)

.cinit     0    00005138    00000060     
                  00005138    00000013     (.cinit..data.load) [load image, compression = lzss]
                  0000514b    00000001     --HOLE-- [fill = 0]
                  0000514c    0000000c     (__TI_handler_table)
                  00005158    00000009     (.cinit..kernelBSS.load) [load image, compression = lzss]
                  00005161    00000007     --HOLE-- [fill = 0]
                  00005168    00000008     (.cinit..bss.load) [load image, compression = zero_init]
                  00005170    00000008     (.cinit..kernelHEAP.load) [load image, compression = zero_init]
                  00005178    00000020     (__TI_cinit_table)

.text      0    00008020    00008af4     
                  00008020    000024f0     sys_selftest.obj (.text)
                  0000a510    00000aa0     system.obj (.text)
                  0000afb0    00000a78     adc.obj (.text)
                  0000ba28    000009e4     os_mpu_wrappers.obj (.text)
                  0000c40c    000008fc     het.obj (.text)
                  0000cd08    0000089c     sys_vim.obj (.text)
                  0000d5a4    00000664     errata_SSWF021_45.obj (.text)
                  0000dc08    000005bc     esm.obj (.text)
                  0000e1c4    000003e0     sys_main.obj (.text)
                  0000e5a4    0000036c     gio.obj (.text)
                  0000e910    000002d0     sys_core.obj (.text)
                  0000ebe0    00000278     os_heap.obj (.text)
                  0000ee58    00000268     sys_vim.obj (.text:retain)
                  0000f0c0    00000238     os_list.obj (.text)
                  0000f2f8    00000214     sys_startup.obj (.text:retain)
                  0000f50c    00000214     rtsv7R4_A_be_eabi.lib : fd_add32.asm.obj (.text)
                  0000f720    000001b0     os_port.obj (.text)
                  0000f8d0    00000190     rtsv7R4_A_be_eabi.lib : fd_div32.asm.obj (.text)
                  0000fa60    00000180                           : memcpy32.asm.obj (.text)
                  0000fbe0    00000158     os_tasks.obj (.text)
                  0000fd38    00000154     pinmux.obj (.text)
                  0000fe8c    00000134     rtsv7R4_A_be_eabi.lib : fs_add32.asm.obj (.text)
                  0000ffc0    00000128                           : fd_mul32.asm.obj (.text)
                  000100e8    000000ec     esm.obj (.text:retain)
                  000101d4    000000e8     dabort.obj (.text)
                  000102bc    000000e0     rtsv7R4_A_be_eabi.lib : fd_cmp32.asm.obj (.text:__aeabi_cdrcmple)
                  0001039c    000000e0     sys_pmu.obj (.text)
                  0001047c    000000d4     notification.obj (.text)
                  00010550    000000d4     rtsv7R4_A_be_eabi.lib : fs_div32.asm.obj (.text)
                  00010624    000000b0                           : memset32.asm.obj (.text)
                  000106d4    000000a8                           : fs_mul32.asm.obj (.text)
                  0001077c    00000090                           : copy_decompress_lzss.c.obj (.text:decompress:lzss:__TI_decompress_lzss)
                  0001080c    00000068                           : autoinit.c.obj (.text:__TI_auto_init_nobinit_nopinit:__TI_auto_init_nobinit_nopinit)
                  00010874    0000005c                           : fs_tod32.asm.obj (.text)
                  000108d0    00000058                           : fd_tou32.asm.obj (.text)
                  00010928    00000050                           : u_div32.asm.obj (.text)
                  00010978    0000004c                           : fs_toi32.asm.obj (.text)
                  000109c4    0000004c                           : fs_tou32.asm.obj (.text)
                  00010a10    0000004c                           : i_tofs32.asm.obj (.text)
                  00010a5c    00000034                           : u_tofd32.asm.obj (.text)
                  00010a90    0000002c     adc.obj (.text:retain)
                  00010abc    00000020     rtsv7R4_A_be_eabi.lib : strlen.c.obj (.text:strlen)
                  00010adc    00000014                           : copy_decompress_none.c.obj (.text:decompress:none:__TI_decompress_none)
                  00010af0    00000010                           : copy_zero_init.c.obj (.text:decompress:ZI:__TI_zero_init)
                  00010b00    00000008                           : exit.c.obj (.text:abort:abort)
                  00010b08    00000004     sys_phantom.obj (.text:retain)
                  00010b0c    00000004     rtsv7R4_A_be_eabi.lib : div0.asm.obj (.text)
                  00010b10    00000004     sys_startup.obj (.text)

.const     0    00010b14    00000558     
                  00010b14    000003a0     het.obj (.const:het1PROGRAM)
                  00010eb4    00000180     sys_vim.obj (.const:s_vim_init)
                  00011034    00000020     het.obj (.const:s_het1pwmPolarity)
                  00011054    0000000c     adc.obj (.const:s_adcFiFoSize)
                  00011060    0000000c     adc.obj (.const:s_adcSelect)

.kernelBSS 
*          0    08000800    00000104     UNINITIALIZED
                  08000800    000000d0     os_tasks.obj (.kernelBSS:uninit)
                  080008d0    00000034     os_tasks.obj (.kernelBSS:init)

.kernelHEAP 
*          0    08001000    00002000     UNINITIALIZED
                  08001000    00002000     os_heap.obj (.kernelHEAP)

.bss       0    08003000    00000060     UNINITIALIZED
                  08003000    00000020     (.common:adc_data)
                  08003020    00000008     os_heap.obj (.bss:xStart)
                  08003028    00000004     (.common:DOWN)
                  0800302c    00000004     (.common:DOWN1)
                  08003030    00000004     (.common:DOWN2)
                  08003034    00000004     (.common:DownLeft)
                  08003038    00000004     (.common:DownRight)
                  0800303c    00000004     (.common:UP)
                  08003040    00000004     (.common:UP1)
                  08003044    00000004     (.common:UP2)
                  08003048    00000004     (.common:UpLeft)
                  0800304c    00000004     (.common:UpRight)
                  08003050    00000004     (.common:signal1)
                  08003054    00000004     (.common:xTask1Handle)
                  08003058    00000004     (.common:xTask2Handle)
                  0800305c    00000004     (.common:xTask3Handle)

.data      0    08003060    00000038     UNINITIALIZED
                  08003060    00000020     sys_main.obj (.data)
                  08003080    00000010     os_heap.obj (.data)
                  08003090    00000008     os_port.obj (.data)

__llvm_prf_cnts 
*          0    08001000    00000000     UNINITIALIZED

MODULE SUMMARY

       Module                       code    ro data   rw data
       ------                       ----    -------   -------
    .\source\
       os_tasks.obj                 11536   0         260    
       os_heap.obj                  1524    0         8216   
       sys_selftest.obj             9456    0         0      
       os_queue.obj                 4704    0         0      
       het.obj                      2300    960       0      
       sys_vim.obj                  2820    384       0      
       adc.obj                      2724    24        0      
       system.obj                   2720    0         0      
       os_mpu_wrappers.obj          2532    0         0      
       os_event_groups.obj          2072    0         0      
       esm.obj                      1704    0         0      
       errata_SSWF021_45.obj        1636    0         0      
       os_port.obj                  1388    0         8      
       sys_main.obj                 992     0         120    
       os_portasm.obj               944     0         0      
       gio.obj                      876     0         0      
       sys_core.obj                 720     0         0      
       os_list.obj                  568     0         0      
       sys_startup.obj              536     0         0      
       pinmux.obj                   340     0         0      
       dabort.obj                   232     0         0      
       sys_pmu.obj                  224     0         0      
       notification.obj             212     0         0      
       sys_intvecs.obj              32      0         0      
       sys_phantom.obj              4       0         0      
    +--+----------------------------+-------+---------+---------+
       Total:                       52796   1368      8604   
                                                             
    C:\ti\ccs1031\ccs\tools\compiler\ti-cgt-arm_20.2.4.LTS\lib\rtsv7R4_A_be_eabi.lib
       fd_add32.asm.obj             532     0         0      
       fd_div32.asm.obj             400     0         0      
       memcpy32.asm.obj             384     0         0      
       fs_add32.asm.obj             308     0         0      
       fd_mul32.asm.obj             296     0         0      
       fd_cmp32.asm.obj             224     0         0      
       fs_div32.asm.obj             212     0         0      
       memset32.asm.obj             176     0         0      
       fs_mul32.asm.obj             168     0         0      
       copy_decompress_lzss.c.obj   144     0         0      
       autoinit.c.obj               104     0         0      
       fs_tod32.asm.obj             92      0         0      
       fd_tou32.asm.obj             88      0         0      
       u_div32.asm.obj              80      0         0      
       fs_toi32.asm.obj             76      0         0      
       fs_tou32.asm.obj             76      0         0      
       i_tofs32.asm.obj             76      0         0      
       u_tofd32.asm.obj             52      0         0      
       strlen.c.obj                 32      0         0      
       copy_decompress_none.c.obj   20      0         0      
       copy_zero_init.c.obj         16      0         0      
       exit.c.obj                   8       0         0      
       div0.asm.obj                 4       0         0      
    +--+----------------------------+-------+---------+---------+
       Total:                       3568    0         0      
                                                             
       Linker Generated:            0       88        0      
    +--+----------------------------+-------+---------+---------+
       Grand Total:                 56364   1456      8604   


LINKER GENERATED COPY TABLES

__TI_cinit_table @ 00005178 records: 4, size/record: 8, table size: 32
	.data: load addr=00005138, load size=00000013 bytes, run addr=08003060, run size=00000038 bytes, compression=lzss
	.kernelBSS: load addr=00005158, load size=00000009 bytes, run addr=08000800, run size=00000104 bytes, compression=lzss
	.bss: load addr=00005168, load size=00000008 bytes, run addr=08003000, run size=00000060 bytes, compression=zero_init
	.kernelHEAP: load addr=00005170, load size=00000008 bytes, run addr=08001000, run size=00002000 bytes, compression=zero_init


LINKER GENERATED HANDLER TABLE

__TI_handler_table @ 0000514c records: 3, size/record: 4, table size: 12
	index: 0, handler: __TI_decompress_lzss
	index: 1, handler: __TI_decompress_none
	index: 2, handler: __TI_zero_init


GLOBAL SYMBOLS: SORTED ALPHABETICALLY BY Name 

address   name                                  
-------   ----                                  
00010b00  C$$EXIT                               
08003028  DOWN                                  
0800302c  DOWN1                                 
08003030  DOWN2                                 
08003034  DownLeft                              
08003038  DownRight                             
08003068  Dut                                   
0800306c  Dut2                                  
08003070  Dut3                                  
08003074  Dut4                                  
0000bbf8  MPU_eTaskGetState                     
0000bd60  MPU_pcTaskGetName                     
0000be40  MPU_pvTaskGetThreadLocalStoragePointer
0000bf58  MPU_ulTaskNotifyTake                  
0000c114  MPU_uxQueueMessagesWaiting            
0000c148  MPU_uxQueueSpacesAvailable            
0000bd34  MPU_uxTaskGetNumberOfTasks            
0000bdc8  MPU_uxTaskGetStackHighWaterMark       
0000bbc4  MPU_uxTaskPriorityGet                 
0000c3e0  MPU_vEventGroupDelete                 
0000c17c  MPU_vQueueDelete                      
0000bad0  MPU_vTaskAllocateMPURegions           
0000bb30  MPU_vTaskDelay                        
0000bb5c  MPU_vTaskDelayUntil                   
0000bb04  MPU_vTaskDelete                       
0000bc2c  MPU_vTaskPrioritySet                  
0000bc8c  MPU_vTaskResume                       
0000bdfc  MPU_vTaskSetThreadLocalStoragePointer 
0000bfd0  MPU_vTaskSetTimeOutState              
0000bc60  MPU_vTaskSuspend                      
0000bcb8  MPU_vTaskSuspendAll                   
0000c304  MPU_xEventGroupClearBits              
0000c27c  MPU_xEventGroupCreate                 
0000c348  MPU_xEventGroupSetBits                
0000c38c  MPU_xEventGroupSync                   
0000c2a8  MPU_xEventGroupWaitBits               
0000c1a8  MPU_xQueueCreateCountingSemaphore     
0000c1ec  MPU_xQueueGenericCreate               
0000c0c0  MPU_xQueueGenericReceive              
0000c238  MPU_xQueueGenericReset                
0000c06c  MPU_xQueueGenericSend                 
0000bb90  MPU_xTaskAbortDelay                   
0000bffc  MPU_xTaskCheckForTimeOut              
0000ba28  MPU_xTaskCreate                       
0000ba8c  MPU_xTaskCreateRestricted             
0000beb0  MPU_xTaskGenericNotify                
0000bd94  MPU_xTaskGetHandle                    
0000be84  MPU_xTaskGetIdleTaskHandle            
0000c040  MPU_xTaskGetSchedulerState            
0000bd08  MPU_xTaskGetTickCount                 
0000bf9c  MPU_xTaskNotifyStateClear             
0000bf04  MPU_xTaskNotifyWait                   
0000bcdc  MPU_xTaskResumeAll                    
UNDEFED   SHT$$INIT_ARRAY$$Base                 
UNDEFED   SHT$$INIT_ARRAY$$Limit                
0800303c  UP                                    
08003040  UP1                                   
08003044  UP2                                   
08003048  UpLeft                                
0800304c  UpRight                               
00005178  __TI_CINIT_Base                       
00005198  __TI_CINIT_Limit                      
0000514c  __TI_Handler_Table_Base               
00005158  __TI_Handler_Table_Limit              
0000ebd8  __TI_PINIT_Base                       
0000ebdc  __TI_PINIT_Limit                      
0001080c  __TI_auto_init_nobinit_nopinit        
0001077c  __TI_decompress_lzss                  
00010adc  __TI_decompress_none                  
ffffffff  __TI_pprof_out_hndl                   
ffffffff  __TI_prof_data_size                   
ffffffff  __TI_prof_data_start                  
00000000  __TI_static_base__                    
00010af0  __TI_zero_init                        
000102bc  __aeabi_cdrcmple                      
000108d0  __aeabi_d2uiz                         
0000f518  __aeabi_dadd                          
0000f8d0  __aeabi_ddiv                          
0000ffc0  __aeabi_dmul                          
0000f50c  __aeabi_dsub                          
00010874  __aeabi_f2d                           
00010978  __aeabi_f2iz                          
000109c4  __aeabi_f2uiz                         
0000fe90  __aeabi_fadd                          
00010550  __aeabi_fdiv                          
000106d4  __aeabi_fmul                          
0000fe8c  __aeabi_fsub                          
00010a10  __aeabi_i2f                           
00010b0c  __aeabi_idiv0                         
00010b0c  __aeabi_ldiv0                         
00010624  __aeabi_memclr                        
00010624  __aeabi_memclr4                       
00010624  __aeabi_memclr8                       
0000fa60  __aeabi_memcpy                        
0000fa60  __aeabi_memcpy4                       
0000fa60  __aeabi_memcpy8                       
00010628  __aeabi_memset                        
00010628  __aeabi_memset4                       
00010628  __aeabi_memset8                       
00010a5c  __aeabi_ui2d                          
00010928  __aeabi_uidiv                         
00010928  __aeabi_uidivmod                      
ffffffff  __binit__                             
ffffffff  __c_args__                            
08001000  __start___llvm_prf_cnts               
08001000  __stop___llvm_prf_cnts                
0000f2f8  _c_int00                              
0000eb00  _coreClearAuxiliaryDataFault_         
0000eb14  _coreClearAuxiliaryInstructionFault_  
0000ead8  _coreClearDataFaultAddress_           
0000eab0  _coreClearDataFault_                  
0000eaec  _coreClearInstructionFaultAddress_    
0000eac4  _coreClearInstructionFault_           
0000ea44  _coreDisableEventBusExport_           
0000ea88  _coreDisableFlashEcc_                 
0000ea64  _coreDisableRamEcc_                   
0000ea34  _coreEnableEventBusExport_            
0000ea74  _coreEnableFlashEcc_                  
0000ea98  _coreEnableIrqVicOffset_              
0000ea54  _coreEnableRamEcc_                    
0000eaf8  _coreGetAuxiliaryDataFault_           
0000eb0c  _coreGetAuxiliaryInstructionFault_    
0000ead0  _coreGetDataFaultAddress_             
0000eaa8  _coreGetDataFault_                    
0000eae4  _coreGetInstructionFaultAddress_      
0000eabc  _coreGetInstructionFault_             
0000e910  _coreInitRegisters_                   
0000e9c8  _coreInitStackPointer_                
000101d4  _dabort                               
0000eb28  _disable_FIQ_interrupt_               
0000eb30  _disable_IRQ_interrupt_               
0000eb20  _disable_interrupt_                   
0000eb38  _enable_interrupt_                    
0000ebc8  _errata_CORTEXR4_66_                  
0000d5a4  _errata_SSWF021_45_both_plls          
0000d798  _errata_SSWF021_45_pll1               
0000d910  _errata_SSWF021_45_pll2               
0000eb40  _esmCcmErrorsClear_                   
0000ea14  _getCPSRValue_                        
0000ea1c  _gotoCPUIdle_                         
000103f8  _pmuDisableCountersGlobal_            
000103e8  _pmuEnableCountersGlobal_             
00010454  _pmuGetCycleCount_                    
0001045c  _pmuGetEventCount_                    
00010468  _pmuGetOverflow_                      
0001039c  _pmuInit_                             
00010428  _pmuResetCounters_                    
00010408  _pmuResetCycleCounter_                
00010418  _pmuResetEventCounters_               
00010448  _pmuSetCountEvent_                    
00010438  _pmuStartCounters_                    
00010440  _pmuStopCounters_                     
UNDEFED   _system_post_cinit                    
00010b00  abort                                 
0000b7b8  adc1GetConfigValue                    
00010a90  adc1Group1Interrupt                   
00009004  adc1ParityCheck                       
0000b394  adcCalibration                        
0000b758  adcDisableNotification                
0000b708  adcEnableNotification                 
0000b1a8  adcGetData                            
0000b7a0  adcGetEVTPin                          
0000afb0  adcInit                               
0000b364  adcIsConversionComplete               
0000b334  adcIsFifoFull                         
0000b56c  adcMidPointCalibration                
000104d4  adcNotification                       
0000b180  adcResetFiFo                          
0000b780  adcSetEVTPin                          
0000b10c  adcStartConversion                    
0000b158  adcStopConversion                     
08003000  adc_data                              
ffffffff  binit                                 
000090bc  can1ParityCheck                       
00009198  can2ParityCheck                       
0000ca1c  capGetSignal                          
00008030  ccmSelfCheck                          
0000a034  ccmr4GetConfigValue                   
0800307c  ch_count                              
00008938  checkB0RAMECC                         
00008b28  checkB1RAMECC                         
00009604  checkClockMonitor                     
00008d18  checkFlashECC                         
000096d8  checkFlashEEPROMECC                   
00009880  checkPLL1Slip                         
0000999c  checkRAMAddrParity                    
000093bc  checkRAMECC                           
00009aa4  checkRAMUERRTest                      
000087bc  checkefcSelfTest                      
00008234  cpuSelfTest                           
00008dfc  cpuSelfTestFail                       
0000aef0  customTrimLPO                         
00008df4  custom_dabort                         
0000a424  disableParity                         
00001f00  eTaskConfirmSleepModeStatus           
00000888  eTaskGetState                         
0000c9dc  edgeDisableNotification               
0000c9a0  edgeEnableNotification                
0000c974  edgeGetCounter                        
00010528  edgeNotification                      
0000c948  edgeResetCounter                      
00008660  efcCheck                              
00009f98  efcGetConfigValue                     
00008794  efcSelfTest                           
000086e8  efcStuckZeroTest                      
0000a3d0  enableParity                          
0000a0b0  errata_PBIST_4                        
0000dd8c  esmActivateNormalOperation            
0000de60  esmClearStatus                        
0000dea0  esmClearStatusBuffer                  
0000dd54  esmDisableError                       
0000ddc4  esmDisableInterrupt                   
0000dd2c  esmEnableError                        
0000dd9c  esmEnableInterrupt                    
0000df98  esmEnterSelfTest                      
0000dd10  esmError                              
0000e070  esmGetConfigValue                     
0000dedc  esmGetStatus                          
0000df60  esmGetStatusBuffer                    
0001047c  esmGroup1Notification                 
0001048c  esmGroup2Notification                 
000100e8  esmHighInterrupt                      
0000dc08  esmInit                               
0000e020  esmSelfTestStatus                     
0000debc  esmSetCounterPreloadValue             
0000ddec  esmSetInterruptLevel                  
0000dd7c  esmTriggerErrorPinReset               
00009c00  fmcBus1ParityCheck                    
0000885c  fmcBus2Check                          
00008898  fmcECCcheck                           
0000e79c  gioDisableNotification                
0000e760  gioEnableNotification                 
0000e6c8  gioGetBit                             
0000e7d8  gioGetConfigValue                     
0000e6f0  gioGetPort                            
0000e5a4  gioInit                               
000104e8  gioNotification                       
0000e658  gioSetBit                             
0000e638  gioSetDirection                       
0000e6a8  gioSetPort                            
0000e708  gioToggleBit                          
00010b10  handlePLLLockFail                     
0000cb30  het1GetConfigValue                    
00008eac  het1ParityCheck                       
0000cb18  hetGetTimestamp                       
0000c40c  hetInit                               
0001053c  hetNotification                       
0000cafc  hetResetTimestamp                     
00008f4c  htu1ParityCheck                       
08003078  i_adc                                 
0000e1c4  main                                  
0000a668  mapClocks                             
0000fa60  memcpy                                
00008174  memoryInit                            
0001049c  memoryPort0TestFailNotification       
000104b8  memoryPort1TestFailNotification       
00010634  memset                                
00009260  mibspi1ParityCheck                    
0000fd38  muxInit                               
00009d2c  pbistFail                             
00009db0  pbistGetConfigValue                   
000085a8  pbistIsTestCompleted                  
000085d4  pbistIsTestPassed                     
00008608  pbistPortTestStatus                   
000084ac  pbistRun                              
000082cc  pbistSelfCheck                        
00008578  pbistStop                             
00001344  pcTaskGetName                         
0000a614  periphInit                            
00010b08  phantomInterrupt                      
0000fdc0  pinmuxGetConfigValue                  
00004d94  prvMpuDisable                         
00004d7c  prvMpuEnable                          
00004d64  prvMpuSetRegion                       
00004dbc  pvPortMalloc                          
00001fe0  pvTaskGetThreadLocalStoragePointer    
0000c918  pwmDisableNotification                
0000c8d0  pwmEnableNotification                 
0000c7e8  pwmGetSignal                          
00010510  pwmNotification                       
0000c534  pwmSetDuty                            
0000c670  pwmSetSignal                          
0000c4cc  pwmStart                              
0000c500  pwmStop                               
080008d0  pxCurrentTCB                          
00004650  pxPortInitialiseStack                 
00000000  resetEntry                            
000104fc  sciNotification                       
00008020  selftestFailNotification              
0000a5d4  setupFlash                            
0000a510  setupPLL                              
08003050  signal1                               
0000adb4  sramGetConfigValue                    
00009ef8  stcGetConfigValue                     
000081b8  stcSelfCheck                          
00008df8  stcSelfCheckFail                      
00010abc  strlen                                
0000a848  systemGetConfigValue                  
0000a74c  systemInit                            
0000a818  systemPowerDown                       
08003060  t                                     
0000ac08  tcmflashGetConfigValue                
0000a560  trimLPO                               
08003090  ulCriticalNesting                     
00004ca0  ulPortCountLeadingZeros               
08003094  ulTaskHasFPUContext                   
00002378  ulTaskNotifyTake                      
0000f26c  uxListRemove                          
00003974  uxQueueMessagesWaiting                
000039f8  uxQueueMessagesWaitingFromISR         
000039ac  uxQueueSpacesAvailable                
00001338  uxTaskGetNumberOfTasks                
00002224  uxTaskGetStackHighWaterMark           
0000098c  uxTaskPriorityGet                     
000009d0  uxTaskPriorityGetFromISR              
0000233c  uxTaskResetEventItemValue             
0000e270  vApplicationIdleHook                  
000045c8  vEventGroupClearBitsCallback          
00004528  vEventGroupDelete                     
000045ac  vEventGroupSetBitsCallback            
0000f0c0  vListInitialise                       
0000f118  vListInitialiseItem                   
0000f1a8  vListInsert                           
0000f134  vListInsertEnd                        
000049d8  vPortEndScheduler                     
00005010  vPortFree                             
00005120  vPortInitialiseBlocks                 
00004be0  vPortPreemptiveTick                   
00004ca8  vPortSWI                              
00004a10  vPortStartFirstTask                   
00004740  vPortStoreTaskMPUSettings             
00004b2c  vPortYeildWithinAPI                   
00004a80  vPortYieldProcessor                   
00003a28  vQueueDelete                          
0000e274  vTarea1                               
0000e310  vTarea2                               
0000e4ec  vTarea3                               
0000204c  vTaskAllocateMPURegions               
00000804  vTaskDelay                            
00000698  vTaskDelayUntil                       
00000530  vTaskDelete                           
00001074  vTaskEndScheduler                     
00001ef0  vTaskMissedYield                      
00002930  vTaskNotifyGiveFromISR                
00001ab8  vTaskPlaceOnEventList                 
00001afc  vTaskPlaceOnUnorderedEventList        
00000a18  vTaskPrioritySet                      
00000e14  vTaskResume                           
00001f7c  vTaskSetThreadLocalStoragePointer     
00001d74  vTaskSetTimeOutState                  
00000fdc  vTaskStartScheduler                   
00001658  vTaskStepTick                         
00000c10  vTaskSuspend                          
00001090  vTaskSuspendAll                       
000019d8  vTaskSwitchContext                    
0000cddc  vimChannelMap                         
0000cfd8  vimDisableInterrupt                   
0000ce80  vimEnableInterrupt                    
0000d05c  vimGetConfigValue                     
0000cd08  vimInit                               
00008e00  vimParityCheck                        
0000ee58  vimParityErrorHandler                 
000042c4  xEventGroupClearBits                  
00003e38  xEventGroupCreate                     
00004348  xEventGroupGetBitsFromISR             
00004378  xEventGroupSetBits                    
00003e74  xEventGroupSync                       
00004074  xEventGroupWaitBits                   
00005108  xPortGetFreeHeapSize                  
00005114  xPortGetMinimumEverFreeHeapSize       
000049b4  xPortStartScheduler                   
00002e1c  xQueueCreateCountingSemaphore         
00002d00  xQueueGenericCreate                   
00003464  xQueueGenericReceive                  
00002bd8  xQueueGenericReset                    
00002ea8  xQueueGenericSend                     
00003168  xQueueGenericSendFromISR              
000032f8  xQueueGiveFromISR                     
00003d5c  xQueueIsQueueEmptyFromISR             
00003de8  xQueueIsQueueFullFromISR              
00003880  xQueuePeekFromISR                     
00003738  xQueueReceiveFromISR                  
08003054  xTask1Handle                          
08003058  xTask2Handle                          
0800305c  xTask3Handle                          
000016b4  xTaskAbortDelay                       
00001db8  xTaskCheckForTimeOut                  
000000fc  xTaskCreate                           
00000020  xTaskCreateRestricted                 
00002560  xTaskGenericNotify                    
00002730  xTaskGenericNotifyFromISR             
00001518  xTaskGetHandle                        
00001620  xTaskGetIdleTaskHandle                
000022ec  xTaskGetSchedulerState                
000012f8  xTaskGetTickCount                     
00001314  xTaskGetTickCountFromISR              
000017b0  xTaskIncrementTick                    
0000fcbc  xTaskNotifyStateClear                 
0000244c  xTaskNotifyWait                       
00001b80  xTaskRemoveFromEventList              
00001c70  xTaskRemoveFromUnorderedEventList     
00001148  xTaskResumeAll                        
00000ef4  xTaskResumeFromISR                    


GLOBAL SYMBOLS: SORTED BY Symbol Address 

address   name                                  
-------   ----                                  
00000000  __TI_static_base__                    
00000000  resetEntry                            
00000020  xTaskCreateRestricted                 
000000fc  xTaskCreate                           
00000530  vTaskDelete                           
00000698  vTaskDelayUntil                       
00000804  vTaskDelay                            
00000888  eTaskGetState                         
0000098c  uxTaskPriorityGet                     
000009d0  uxTaskPriorityGetFromISR              
00000a18  vTaskPrioritySet                      
00000c10  vTaskSuspend                          
00000e14  vTaskResume                           
00000ef4  xTaskResumeFromISR                    
00000fdc  vTaskStartScheduler                   
00001074  vTaskEndScheduler                     
00001090  vTaskSuspendAll                       
00001148  xTaskResumeAll                        
000012f8  xTaskGetTickCount                     
00001314  xTaskGetTickCountFromISR              
00001338  uxTaskGetNumberOfTasks                
00001344  pcTaskGetName                         
00001518  xTaskGetHandle                        
00001620  xTaskGetIdleTaskHandle                
00001658  vTaskStepTick                         
000016b4  xTaskAbortDelay                       
000017b0  xTaskIncrementTick                    
000019d8  vTaskSwitchContext                    
00001ab8  vTaskPlaceOnEventList                 
00001afc  vTaskPlaceOnUnorderedEventList        
00001b80  xTaskRemoveFromEventList              
00001c70  xTaskRemoveFromUnorderedEventList     
00001d74  vTaskSetTimeOutState                  
00001db8  xTaskCheckForTimeOut                  
00001ef0  vTaskMissedYield                      
00001f00  eTaskConfirmSleepModeStatus           
00001f7c  vTaskSetThreadLocalStoragePointer     
00001fe0  pvTaskGetThreadLocalStoragePointer    
0000204c  vTaskAllocateMPURegions               
00002224  uxTaskGetStackHighWaterMark           
000022ec  xTaskGetSchedulerState                
0000233c  uxTaskResetEventItemValue             
00002378  ulTaskNotifyTake                      
0000244c  xTaskNotifyWait                       
00002560  xTaskGenericNotify                    
00002730  xTaskGenericNotifyFromISR             
00002930  vTaskNotifyGiveFromISR                
00002bd8  xQueueGenericReset                    
00002d00  xQueueGenericCreate                   
00002e1c  xQueueCreateCountingSemaphore         
00002ea8  xQueueGenericSend                     
00003168  xQueueGenericSendFromISR              
000032f8  xQueueGiveFromISR                     
00003464  xQueueGenericReceive                  
00003738  xQueueReceiveFromISR                  
00003880  xQueuePeekFromISR                     
00003974  uxQueueMessagesWaiting                
000039ac  uxQueueSpacesAvailable                
000039f8  uxQueueMessagesWaitingFromISR         
00003a28  vQueueDelete                          
00003d5c  xQueueIsQueueEmptyFromISR             
00003de8  xQueueIsQueueFullFromISR              
00003e38  xEventGroupCreate                     
00003e74  xEventGroupSync                       
00004074  xEventGroupWaitBits                   
000042c4  xEventGroupClearBits                  
00004348  xEventGroupGetBitsFromISR             
00004378  xEventGroupSetBits                    
00004528  vEventGroupDelete                     
000045ac  vEventGroupSetBitsCallback            
000045c8  vEventGroupClearBitsCallback          
00004650  pxPortInitialiseStack                 
00004740  vPortStoreTaskMPUSettings             
000049b4  xPortStartScheduler                   
000049d8  vPortEndScheduler                     
00004a10  vPortStartFirstTask                   
00004a80  vPortYieldProcessor                   
00004b2c  vPortYeildWithinAPI                   
00004be0  vPortPreemptiveTick                   
00004ca0  ulPortCountLeadingZeros               
00004ca8  vPortSWI                              
00004d64  prvMpuSetRegion                       
00004d7c  prvMpuEnable                          
00004d94  prvMpuDisable                         
00004dbc  pvPortMalloc                          
00005010  vPortFree                             
00005108  xPortGetFreeHeapSize                  
00005114  xPortGetMinimumEverFreeHeapSize       
00005120  vPortInitialiseBlocks                 
0000514c  __TI_Handler_Table_Base               
00005158  __TI_Handler_Table_Limit              
00005178  __TI_CINIT_Base                       
00005198  __TI_CINIT_Limit                      
00008020  selftestFailNotification              
00008030  ccmSelfCheck                          
00008174  memoryInit                            
000081b8  stcSelfCheck                          
00008234  cpuSelfTest                           
000082cc  pbistSelfCheck                        
000084ac  pbistRun                              
00008578  pbistStop                             
000085a8  pbistIsTestCompleted                  
000085d4  pbistIsTestPassed                     
00008608  pbistPortTestStatus                   
00008660  efcCheck                              
000086e8  efcStuckZeroTest                      
00008794  efcSelfTest                           
000087bc  checkefcSelfTest                      
0000885c  fmcBus2Check                          
00008898  fmcECCcheck                           
00008938  checkB0RAMECC                         
00008b28  checkB1RAMECC                         
00008d18  checkFlashECC                         
00008df4  custom_dabort                         
00008df8  stcSelfCheckFail                      
00008dfc  cpuSelfTestFail                       
00008e00  vimParityCheck                        
00008eac  het1ParityCheck                       
00008f4c  htu1ParityCheck                       
00009004  adc1ParityCheck                       
000090bc  can1ParityCheck                       
00009198  can2ParityCheck                       
00009260  mibspi1ParityCheck                    
000093bc  checkRAMECC                           
00009604  checkClockMonitor                     
000096d8  checkFlashEEPROMECC                   
00009880  checkPLL1Slip                         
0000999c  checkRAMAddrParity                    
00009aa4  checkRAMUERRTest                      
00009c00  fmcBus1ParityCheck                    
00009d2c  pbistFail                             
00009db0  pbistGetConfigValue                   
00009ef8  stcGetConfigValue                     
00009f98  efcGetConfigValue                     
0000a034  ccmr4GetConfigValue                   
0000a0b0  errata_PBIST_4                        
0000a3d0  enableParity                          
0000a424  disableParity                         
0000a510  setupPLL                              
0000a560  trimLPO                               
0000a5d4  setupFlash                            
0000a614  periphInit                            
0000a668  mapClocks                             
0000a74c  systemInit                            
0000a818  systemPowerDown                       
0000a848  systemGetConfigValue                  
0000ac08  tcmflashGetConfigValue                
0000adb4  sramGetConfigValue                    
0000aef0  customTrimLPO                         
0000afb0  adcInit                               
0000b10c  adcStartConversion                    
0000b158  adcStopConversion                     
0000b180  adcResetFiFo                          
0000b1a8  adcGetData                            
0000b334  adcIsFifoFull                         
0000b364  adcIsConversionComplete               
0000b394  adcCalibration                        
0000b56c  adcMidPointCalibration                
0000b708  adcEnableNotification                 
0000b758  adcDisableNotification                
0000b780  adcSetEVTPin                          
0000b7a0  adcGetEVTPin                          
0000b7b8  adc1GetConfigValue                    
0000ba28  MPU_xTaskCreate                       
0000ba8c  MPU_xTaskCreateRestricted             
0000bad0  MPU_vTaskAllocateMPURegions           
0000bb04  MPU_vTaskDelete                       
0000bb30  MPU_vTaskDelay                        
0000bb5c  MPU_vTaskDelayUntil                   
0000bb90  MPU_xTaskAbortDelay                   
0000bbc4  MPU_uxTaskPriorityGet                 
0000bbf8  MPU_eTaskGetState                     
0000bc2c  MPU_vTaskPrioritySet                  
0000bc60  MPU_vTaskSuspend                      
0000bc8c  MPU_vTaskResume                       
0000bcb8  MPU_vTaskSuspendAll                   
0000bcdc  MPU_xTaskResumeAll                    
0000bd08  MPU_xTaskGetTickCount                 
0000bd34  MPU_uxTaskGetNumberOfTasks            
0000bd60  MPU_pcTaskGetName                     
0000bd94  MPU_xTaskGetHandle                    
0000bdc8  MPU_uxTaskGetStackHighWaterMark       
0000bdfc  MPU_vTaskSetThreadLocalStoragePointer 
0000be40  MPU_pvTaskGetThreadLocalStoragePointer
0000be84  MPU_xTaskGetIdleTaskHandle            
0000beb0  MPU_xTaskGenericNotify                
0000bf04  MPU_xTaskNotifyWait                   
0000bf58  MPU_ulTaskNotifyTake                  
0000bf9c  MPU_xTaskNotifyStateClear             
0000bfd0  MPU_vTaskSetTimeOutState              
0000bffc  MPU_xTaskCheckForTimeOut              
0000c040  MPU_xTaskGetSchedulerState            
0000c06c  MPU_xQueueGenericSend                 
0000c0c0  MPU_xQueueGenericReceive              
0000c114  MPU_uxQueueMessagesWaiting            
0000c148  MPU_uxQueueSpacesAvailable            
0000c17c  MPU_vQueueDelete                      
0000c1a8  MPU_xQueueCreateCountingSemaphore     
0000c1ec  MPU_xQueueGenericCreate               
0000c238  MPU_xQueueGenericReset                
0000c27c  MPU_xEventGroupCreate                 
0000c2a8  MPU_xEventGroupWaitBits               
0000c304  MPU_xEventGroupClearBits              
0000c348  MPU_xEventGroupSetBits                
0000c38c  MPU_xEventGroupSync                   
0000c3e0  MPU_vEventGroupDelete                 
0000c40c  hetInit                               
0000c4cc  pwmStart                              
0000c500  pwmStop                               
0000c534  pwmSetDuty                            
0000c670  pwmSetSignal                          
0000c7e8  pwmGetSignal                          
0000c8d0  pwmEnableNotification                 
0000c918  pwmDisableNotification                
0000c948  edgeResetCounter                      
0000c974  edgeGetCounter                        
0000c9a0  edgeEnableNotification                
0000c9dc  edgeDisableNotification               
0000ca1c  capGetSignal                          
0000cafc  hetResetTimestamp                     
0000cb18  hetGetTimestamp                       
0000cb30  het1GetConfigValue                    
0000cd08  vimInit                               
0000cddc  vimChannelMap                         
0000ce80  vimEnableInterrupt                    
0000cfd8  vimDisableInterrupt                   
0000d05c  vimGetConfigValue                     
0000d5a4  _errata_SSWF021_45_both_plls          
0000d798  _errata_SSWF021_45_pll1               
0000d910  _errata_SSWF021_45_pll2               
0000dc08  esmInit                               
0000dd10  esmError                              
0000dd2c  esmEnableError                        
0000dd54  esmDisableError                       
0000dd7c  esmTriggerErrorPinReset               
0000dd8c  esmActivateNormalOperation            
0000dd9c  esmEnableInterrupt                    
0000ddc4  esmDisableInterrupt                   
0000ddec  esmSetInterruptLevel                  
0000de60  esmClearStatus                        
0000dea0  esmClearStatusBuffer                  
0000debc  esmSetCounterPreloadValue             
0000dedc  esmGetStatus                          
0000df60  esmGetStatusBuffer                    
0000df98  esmEnterSelfTest                      
0000e020  esmSelfTestStatus                     
0000e070  esmGetConfigValue                     
0000e1c4  main                                  
0000e270  vApplicationIdleHook                  
0000e274  vTarea1                               
0000e310  vTarea2                               
0000e4ec  vTarea3                               
0000e5a4  gioInit                               
0000e638  gioSetDirection                       
0000e658  gioSetBit                             
0000e6a8  gioSetPort                            
0000e6c8  gioGetBit                             
0000e6f0  gioGetPort                            
0000e708  gioToggleBit                          
0000e760  gioEnableNotification                 
0000e79c  gioDisableNotification                
0000e7d8  gioGetConfigValue                     
0000e910  _coreInitRegisters_                   
0000e9c8  _coreInitStackPointer_                
0000ea14  _getCPSRValue_                        
0000ea1c  _gotoCPUIdle_                         
0000ea34  _coreEnableEventBusExport_            
0000ea44  _coreDisableEventBusExport_           
0000ea54  _coreEnableRamEcc_                    
0000ea64  _coreDisableRamEcc_                   
0000ea74  _coreEnableFlashEcc_                  
0000ea88  _coreDisableFlashEcc_                 
0000ea98  _coreEnableIrqVicOffset_              
0000eaa8  _coreGetDataFault_                    
0000eab0  _coreClearDataFault_                  
0000eabc  _coreGetInstructionFault_             
0000eac4  _coreClearInstructionFault_           
0000ead0  _coreGetDataFaultAddress_             
0000ead8  _coreClearDataFaultAddress_           
0000eae4  _coreGetInstructionFaultAddress_      
0000eaec  _coreClearInstructionFaultAddress_    
0000eaf8  _coreGetAuxiliaryDataFault_           
0000eb00  _coreClearAuxiliaryDataFault_         
0000eb0c  _coreGetAuxiliaryInstructionFault_    
0000eb14  _coreClearAuxiliaryInstructionFault_  
0000eb20  _disable_interrupt_                   
0000eb28  _disable_FIQ_interrupt_               
0000eb30  _disable_IRQ_interrupt_               
0000eb38  _enable_interrupt_                    
0000eb40  _esmCcmErrorsClear_                   
0000ebc8  _errata_CORTEXR4_66_                  
0000ebd8  __TI_PINIT_Base                       
0000ebdc  __TI_PINIT_Limit                      
0000ee58  vimParityErrorHandler                 
0000f0c0  vListInitialise                       
0000f118  vListInitialiseItem                   
0000f134  vListInsertEnd                        
0000f1a8  vListInsert                           
0000f26c  uxListRemove                          
0000f2f8  _c_int00                              
0000f50c  __aeabi_dsub                          
0000f518  __aeabi_dadd                          
0000f8d0  __aeabi_ddiv                          
0000fa60  __aeabi_memcpy                        
0000fa60  __aeabi_memcpy4                       
0000fa60  __aeabi_memcpy8                       
0000fa60  memcpy                                
0000fcbc  xTaskNotifyStateClear                 
0000fd38  muxInit                               
0000fdc0  pinmuxGetConfigValue                  
0000fe8c  __aeabi_fsub                          
0000fe90  __aeabi_fadd                          
0000ffc0  __aeabi_dmul                          
000100e8  esmHighInterrupt                      
000101d4  _dabort                               
000102bc  __aeabi_cdrcmple                      
0001039c  _pmuInit_                             
000103e8  _pmuEnableCountersGlobal_             
000103f8  _pmuDisableCountersGlobal_            
00010408  _pmuResetCycleCounter_                
00010418  _pmuResetEventCounters_               
00010428  _pmuResetCounters_                    
00010438  _pmuStartCounters_                    
00010440  _pmuStopCounters_                     
00010448  _pmuSetCountEvent_                    
00010454  _pmuGetCycleCount_                    
0001045c  _pmuGetEventCount_                    
00010468  _pmuGetOverflow_                      
0001047c  esmGroup1Notification                 
0001048c  esmGroup2Notification                 
0001049c  memoryPort0TestFailNotification       
000104b8  memoryPort1TestFailNotification       
000104d4  adcNotification                       
000104e8  gioNotification                       
000104fc  sciNotification                       
00010510  pwmNotification                       
00010528  edgeNotification                      
0001053c  hetNotification                       
00010550  __aeabi_fdiv                          
00010624  __aeabi_memclr                        
00010624  __aeabi_memclr4                       
00010624  __aeabi_memclr8                       
00010628  __aeabi_memset                        
00010628  __aeabi_memset4                       
00010628  __aeabi_memset8                       
00010634  memset                                
000106d4  __aeabi_fmul                          
0001077c  __TI_decompress_lzss                  
0001080c  __TI_auto_init_nobinit_nopinit        
00010874  __aeabi_f2d                           
000108d0  __aeabi_d2uiz                         
00010928  __aeabi_uidiv                         
00010928  __aeabi_uidivmod                      
00010978  __aeabi_f2iz                          
000109c4  __aeabi_f2uiz                         
00010a10  __aeabi_i2f                           
00010a5c  __aeabi_ui2d                          
00010a90  adc1Group1Interrupt                   
00010abc  strlen                                
00010adc  __TI_decompress_none                  
00010af0  __TI_zero_init                        
00010b00  C$$EXIT                               
00010b00  abort                                 
00010b08  phantomInterrupt                      
00010b0c  __aeabi_idiv0                         
00010b0c  __aeabi_ldiv0                         
00010b10  handlePLLLockFail                     
080008d0  pxCurrentTCB                          
08001000  __start___llvm_prf_cnts               
08001000  __stop___llvm_prf_cnts                
08003000  adc_data                              
08003028  DOWN                                  
0800302c  DOWN1                                 
08003030  DOWN2                                 
08003034  DownLeft                              
08003038  DownRight                             
0800303c  UP                                    
08003040  UP1                                   
08003044  UP2                                   
08003048  UpLeft                                
0800304c  UpRight                               
08003050  signal1                               
08003054  xTask1Handle                          
08003058  xTask2Handle                          
0800305c  xTask3Handle                          
08003060  t                                     
08003068  Dut                                   
0800306c  Dut2                                  
08003070  Dut3                                  
08003074  Dut4                                  
08003078  i_adc                                 
0800307c  ch_count                              
08003090  ulCriticalNesting                     
08003094  ulTaskHasFPUContext                   
ffffffff  __TI_pprof_out_hndl                   
ffffffff  __TI_prof_data_size                   
ffffffff  __TI_prof_data_start                  
ffffffff  __binit__                             
ffffffff  __c_args__                            
ffffffff  binit                                 
UNDEFED   SHT$$INIT_ARRAY$$Base                 
UNDEFED   SHT$$INIT_ARRAY$$Limit                
UNDEFED   _system_post_cinit                    

[403 symbols]
