<?xml version="1.0" encoding="ISO-8859-1" ?>
<link_info>
   <banner>TI ARM Linker PC v20.2.4.LTS</banner>
   <copyright>Copyright (c) 1996-2018 Texas Instruments Incorporated</copyright>
   <link_time>0x612712ab</link_time>
   <link_errors>0x0</link_errors>
   <output_file>Proyecto_final_04.out</output_file>
   <entry_point>
      <name>_c_int00</name>
      <address>0xf2f8</address>
   </entry_point>
   <input_file_list>
      <input_file id="fl-2">
         <path>.\source\</path>
         <kind>object</kind>
         <file>adc.obj</file>
         <name>adc.obj</name>
      </input_file>
      <input_file id="fl-3">
         <path>.\source\</path>
         <kind>object</kind>
         <file>dabort.obj</file>
         <name>dabort.obj</name>
      </input_file>
      <input_file id="fl-4">
         <path>.\source\</path>
         <kind>object</kind>
         <file>errata_SSWF021_45.obj</file>
         <name>errata_SSWF021_45.obj</name>
      </input_file>
      <input_file id="fl-5">
         <path>.\source\</path>
         <kind>object</kind>
         <file>esm.obj</file>
         <name>esm.obj</name>
      </input_file>
      <input_file id="fl-6">
         <path>.\source\</path>
         <kind>object</kind>
         <file>gio.obj</file>
         <name>gio.obj</name>
      </input_file>
      <input_file id="fl-7">
         <path>.\source\</path>
         <kind>object</kind>
         <file>het.obj</file>
         <name>het.obj</name>
      </input_file>
      <input_file id="fl-8">
         <path>.\source\</path>
         <kind>object</kind>
         <file>notification.obj</file>
         <name>notification.obj</name>
      </input_file>
      <input_file id="fl-9">
         <path>.\source\</path>
         <kind>object</kind>
         <file>os_croutine.obj</file>
         <name>os_croutine.obj</name>
      </input_file>
      <input_file id="fl-a">
         <path>.\source\</path>
         <kind>object</kind>
         <file>os_event_groups.obj</file>
         <name>os_event_groups.obj</name>
      </input_file>
      <input_file id="fl-b">
         <path>.\source\</path>
         <kind>object</kind>
         <file>os_heap.obj</file>
         <name>os_heap.obj</name>
      </input_file>
      <input_file id="fl-c">
         <path>.\source\</path>
         <kind>object</kind>
         <file>os_list.obj</file>
         <name>os_list.obj</name>
      </input_file>
      <input_file id="fl-d">
         <path>.\source\</path>
         <kind>object</kind>
         <file>os_mpu_wrappers.obj</file>
         <name>os_mpu_wrappers.obj</name>
      </input_file>
      <input_file id="fl-e">
         <path>.\source\</path>
         <kind>object</kind>
         <file>os_port.obj</file>
         <name>os_port.obj</name>
      </input_file>
      <input_file id="fl-f">
         <path>.\source\</path>
         <kind>object</kind>
         <file>os_portasm.obj</file>
         <name>os_portasm.obj</name>
      </input_file>
      <input_file id="fl-10">
         <path>.\source\</path>
         <kind>object</kind>
         <file>os_queue.obj</file>
         <name>os_queue.obj</name>
      </input_file>
      <input_file id="fl-11">
         <path>.\source\</path>
         <kind>object</kind>
         <file>os_tasks.obj</file>
         <name>os_tasks.obj</name>
      </input_file>
      <input_file id="fl-12">
         <path>.\source\</path>
         <kind>object</kind>
         <file>os_timer.obj</file>
         <name>os_timer.obj</name>
      </input_file>
      <input_file id="fl-13">
         <path>.\source\</path>
         <kind>object</kind>
         <file>pinmux.obj</file>
         <name>pinmux.obj</name>
      </input_file>
      <input_file id="fl-14">
         <path>.\source\</path>
         <kind>object</kind>
         <file>sci.obj</file>
         <name>sci.obj</name>
      </input_file>
      <input_file id="fl-15">
         <path>.\source\</path>
         <kind>object</kind>
         <file>sys_core.obj</file>
         <name>sys_core.obj</name>
      </input_file>
      <input_file id="fl-16">
         <path>.\source\</path>
         <kind>object</kind>
         <file>sys_intvecs.obj</file>
         <name>sys_intvecs.obj</name>
      </input_file>
      <input_file id="fl-17">
         <path>.\source\</path>
         <kind>object</kind>
         <file>sys_main.obj</file>
         <name>sys_main.obj</name>
      </input_file>
      <input_file id="fl-18">
         <path>.\source\</path>
         <kind>object</kind>
         <file>sys_mpu.obj</file>
         <name>sys_mpu.obj</name>
      </input_file>
      <input_file id="fl-19">
         <path>.\source\</path>
         <kind>object</kind>
         <file>sys_pcr.obj</file>
         <name>sys_pcr.obj</name>
      </input_file>
      <input_file id="fl-1a">
         <path>.\source\</path>
         <kind>object</kind>
         <file>sys_phantom.obj</file>
         <name>sys_phantom.obj</name>
      </input_file>
      <input_file id="fl-1b">
         <path>.\source\</path>
         <kind>object</kind>
         <file>sys_pmu.obj</file>
         <name>sys_pmu.obj</name>
      </input_file>
      <input_file id="fl-1c">
         <path>.\source\</path>
         <kind>object</kind>
         <file>sys_selftest.obj</file>
         <name>sys_selftest.obj</name>
      </input_file>
      <input_file id="fl-1d">
         <path>.\source\</path>
         <kind>object</kind>
         <file>sys_startup.obj</file>
         <name>sys_startup.obj</name>
      </input_file>
      <input_file id="fl-1e">
         <path>.\source\</path>
         <kind>object</kind>
         <file>sys_vim.obj</file>
         <name>sys_vim.obj</name>
      </input_file>
      <input_file id="fl-1f">
         <path>.\source\</path>
         <kind>object</kind>
         <file>system.obj</file>
         <name>system.obj</name>
      </input_file>
      <input_file id="fl-23">
         <kind>object</kind>
         <file>&lt;internal&gt;</file>
         <name>&lt;internal&gt;</name>
      </input_file>
      <input_file id="fl-d9">
         <path>C:\ti\ccs1031\ccs\tools\compiler\ti-cgt-arm_20.2.4.LTS\lib\</path>
         <kind>archive</kind>
         <file>rtsv7R4_A_be_eabi.lib</file>
         <name>s_floor.c.obj</name>
      </input_file>
      <input_file id="fl-da">
         <path>C:\ti\ccs1031\ccs\tools\compiler\ti-cgt-arm_20.2.4.LTS\lib\</path>
         <kind>archive</kind>
         <file>rtsv7R4_A_be_eabi.lib</file>
         <name>fd_add32.asm.obj</name>
      </input_file>
      <input_file id="fl-db">
         <path>C:\ti\ccs1031\ccs\tools\compiler\ti-cgt-arm_20.2.4.LTS\lib\</path>
         <kind>archive</kind>
         <file>rtsv7R4_A_be_eabi.lib</file>
         <name>fd_cmp32.asm.obj</name>
      </input_file>
      <input_file id="fl-dc">
         <path>C:\ti\ccs1031\ccs\tools\compiler\ti-cgt-arm_20.2.4.LTS\lib\</path>
         <kind>archive</kind>
         <file>rtsv7R4_A_be_eabi.lib</file>
         <name>fd_div32.asm.obj</name>
      </input_file>
      <input_file id="fl-dd">
         <path>C:\ti\ccs1031\ccs\tools\compiler\ti-cgt-arm_20.2.4.LTS\lib\</path>
         <kind>archive</kind>
         <file>rtsv7R4_A_be_eabi.lib</file>
         <name>fd_mul32.asm.obj</name>
      </input_file>
      <input_file id="fl-de">
         <path>C:\ti\ccs1031\ccs\tools\compiler\ti-cgt-arm_20.2.4.LTS\lib\</path>
         <kind>archive</kind>
         <file>rtsv7R4_A_be_eabi.lib</file>
         <name>fd_tou32.asm.obj</name>
      </input_file>
      <input_file id="fl-df">
         <path>C:\ti\ccs1031\ccs\tools\compiler\ti-cgt-arm_20.2.4.LTS\lib\</path>
         <kind>archive</kind>
         <file>rtsv7R4_A_be_eabi.lib</file>
         <name>fs_add32.asm.obj</name>
      </input_file>
      <input_file id="fl-e0">
         <path>C:\ti\ccs1031\ccs\tools\compiler\ti-cgt-arm_20.2.4.LTS\lib\</path>
         <kind>archive</kind>
         <file>rtsv7R4_A_be_eabi.lib</file>
         <name>fs_div32.asm.obj</name>
      </input_file>
      <input_file id="fl-e1">
         <path>C:\ti\ccs1031\ccs\tools\compiler\ti-cgt-arm_20.2.4.LTS\lib\</path>
         <kind>archive</kind>
         <file>rtsv7R4_A_be_eabi.lib</file>
         <name>fs_mul32.asm.obj</name>
      </input_file>
      <input_file id="fl-e2">
         <path>C:\ti\ccs1031\ccs\tools\compiler\ti-cgt-arm_20.2.4.LTS\lib\</path>
         <kind>archive</kind>
         <file>rtsv7R4_A_be_eabi.lib</file>
         <name>fs_tod32.asm.obj</name>
      </input_file>
      <input_file id="fl-e3">
         <path>C:\ti\ccs1031\ccs\tools\compiler\ti-cgt-arm_20.2.4.LTS\lib\</path>
         <kind>archive</kind>
         <file>rtsv7R4_A_be_eabi.lib</file>
         <name>fs_tou32.asm.obj</name>
      </input_file>
      <input_file id="fl-e4">
         <path>C:\ti\ccs1031\ccs\tools\compiler\ti-cgt-arm_20.2.4.LTS\lib\</path>
         <kind>archive</kind>
         <file>rtsv7R4_A_be_eabi.lib</file>
         <name>i_tofs32.asm.obj</name>
      </input_file>
      <input_file id="fl-e5">
         <path>C:\ti\ccs1031\ccs\tools\compiler\ti-cgt-arm_20.2.4.LTS\lib\</path>
         <kind>archive</kind>
         <file>rtsv7R4_A_be_eabi.lib</file>
         <name>memcpy32.asm.obj</name>
      </input_file>
      <input_file id="fl-e6">
         <path>C:\ti\ccs1031\ccs\tools\compiler\ti-cgt-arm_20.2.4.LTS\lib\</path>
         <kind>archive</kind>
         <file>rtsv7R4_A_be_eabi.lib</file>
         <name>u_tofd32.asm.obj</name>
      </input_file>
      <input_file id="fl-e7">
         <path>C:\ti\ccs1031\ccs\tools\compiler\ti-cgt-arm_20.2.4.LTS\lib\</path>
         <kind>archive</kind>
         <file>rtsv7R4_A_be_eabi.lib</file>
         <name>memset32.asm.obj</name>
      </input_file>
      <input_file id="fl-e8">
         <path>C:\ti\ccs1031\ccs\tools\compiler\ti-cgt-arm_20.2.4.LTS\lib\</path>
         <kind>archive</kind>
         <file>rtsv7R4_A_be_eabi.lib</file>
         <name>u_div32.asm.obj</name>
      </input_file>
      <input_file id="fl-e9">
         <path>C:\ti\ccs1031\ccs\tools\compiler\ti-cgt-arm_20.2.4.LTS\lib\</path>
         <kind>archive</kind>
         <file>rtsv7R4_A_be_eabi.lib</file>
         <name>autoinit.c.obj</name>
      </input_file>
      <input_file id="fl-ea">
         <path>C:\ti\ccs1031\ccs\tools\compiler\ti-cgt-arm_20.2.4.LTS\lib\</path>
         <kind>archive</kind>
         <file>rtsv7R4_A_be_eabi.lib</file>
         <name>cpy_tbl.c.obj</name>
      </input_file>
      <input_file id="fl-eb">
         <path>C:\ti\ccs1031\ccs\tools\compiler\ti-cgt-arm_20.2.4.LTS\lib\</path>
         <kind>archive</kind>
         <file>rtsv7R4_A_be_eabi.lib</file>
         <name>copy_zero_init.c.obj</name>
      </input_file>
      <input_file id="fl-ec">
         <path>C:\ti\ccs1031\ccs\tools\compiler\ti-cgt-arm_20.2.4.LTS\lib\</path>
         <kind>archive</kind>
         <file>rtsv7R4_A_be_eabi.lib</file>
         <name>copy_decompress_none.c.obj</name>
      </input_file>
      <input_file id="fl-ed">
         <path>C:\ti\ccs1031\ccs\tools\compiler\ti-cgt-arm_20.2.4.LTS\lib\</path>
         <kind>archive</kind>
         <file>rtsv7R4_A_be_eabi.lib</file>
         <name>copy_decompress_lzss.c.obj</name>
      </input_file>
      <input_file id="fl-ee">
         <path>C:\ti\ccs1031\ccs\tools\compiler\ti-cgt-arm_20.2.4.LTS\lib\</path>
         <kind>archive</kind>
         <file>rtsv7R4_A_be_eabi.lib</file>
         <name>exit.c.obj</name>
      </input_file>
      <input_file id="fl-ef">
         <path>C:\ti\ccs1031\ccs\tools\compiler\ti-cgt-arm_20.2.4.LTS\lib\</path>
         <kind>archive</kind>
         <file>rtsv7R4_A_be_eabi.lib</file>
         <name>_lock.c.obj</name>
      </input_file>
      <input_file id="fl-f0">
         <path>C:\ti\ccs1031\ccs\tools\compiler\ti-cgt-arm_20.2.4.LTS\lib\</path>
         <kind>archive</kind>
         <file>rtsv7R4_A_be_eabi.lib</file>
         <name>strlen.c.obj</name>
      </input_file>
      <input_file id="fl-f1">
         <path>C:\ti\ccs1031\ccs\tools\compiler\ti-cgt-arm_20.2.4.LTS\lib\</path>
         <kind>archive</kind>
         <file>rtsv7R4_A_be_eabi.lib</file>
         <name>div0.asm.obj</name>
      </input_file>
      <input_file id="fl-f2">
         <path>C:\ti\ccs1031\ccs\tools\compiler\ti-cgt-arm_20.2.4.LTS\lib\</path>
         <kind>archive</kind>
         <file>rtsv7R4_A_be_eabi.lib</file>
         <name>fs_toi32.asm.obj</name>
      </input_file>
   </input_file_list>
   <object_component_list>
      <object_component id="oc-33">
         <name>.intvecs</name>
         <load_address>0x0</load_address>
         <run_address>0x0</run_address>
         <size>0x20</size>
         <input_file_ref idref="fl-16"/>
      </object_component>
      <object_component id="oc-147">
         <name>.kernelTEXT</name>
         <load_address>0x20</load_address>
         <run_address>0x20</run_address>
         <size>0x2bb8</size>
         <input_file_ref idref="fl-11"/>
      </object_component>
      <object_component id="oc-269">
         <name>.kernelTEXT</name>
         <load_address>0x2bd8</load_address>
         <run_address>0x2bd8</run_address>
         <size>0x1260</size>
         <input_file_ref idref="fl-10"/>
      </object_component>
      <object_component id="oc-26f">
         <name>.kernelTEXT</name>
         <load_address>0x3e38</load_address>
         <run_address>0x3e38</run_address>
         <size>0x818</size>
         <input_file_ref idref="fl-a"/>
      </object_component>
      <object_component id="oc-29c">
         <name>.kernelTEXT</name>
         <load_address>0x4650</load_address>
         <run_address>0x4650</run_address>
         <size>0x3bc</size>
         <input_file_ref idref="fl-e"/>
      </object_component>
      <object_component id="oc-a0">
         <name>.kernelTEXT</name>
         <load_address>0x4a0c</load_address>
         <run_address>0x4a0c</run_address>
         <size>0x3b0</size>
         <input_file_ref idref="fl-f"/>
      </object_component>
      <object_component id="oc-290">
         <name>.kernelTEXT</name>
         <load_address>0x4dbc</load_address>
         <run_address>0x4dbc</run_address>
         <size>0x37c</size>
         <input_file_ref idref="fl-b"/>
      </object_component>
      <object_component id="oc-3d4">
         <name>.cinit..data.load</name>
         <load_address>0x5138</load_address>
         <run_address>0x5138</run_address>
         <size>0x13</size>
      </object_component>
      <object_component id="oc-3cf">
         <name>__TI_handler_table</name>
         <load_address>0x514c</load_address>
         <run_address>0x514c</run_address>
         <size>0xc</size>
      </object_component>
      <object_component id="oc-3d1">
         <name>.cinit..kernelBSS.load</name>
         <load_address>0x5158</load_address>
         <run_address>0x5158</run_address>
         <size>0x9</size>
      </object_component>
      <object_component id="oc-3d3">
         <name>.cinit..bss.load</name>
         <load_address>0x5168</load_address>
         <run_address>0x5168</run_address>
         <size>0x8</size>
      </object_component>
      <object_component id="oc-3d2">
         <name>.cinit..kernelHEAP.load</name>
         <load_address>0x5170</load_address>
         <run_address>0x5170</run_address>
         <size>0x8</size>
      </object_component>
      <object_component id="oc-3d0">
         <name>__TI_cinit_table</name>
         <load_address>0x5178</load_address>
         <run_address>0x5178</run_address>
         <size>0x20</size>
      </object_component>
      <object_component id="oc-84">
         <name>.text</name>
         <load_address>0x8020</load_address>
         <run_address>0x8020</run_address>
         <size>0x24f0</size>
         <input_file_ref idref="fl-1c"/>
      </object_component>
      <object_component id="oc-7e">
         <name>.text</name>
         <load_address>0xa510</load_address>
         <run_address>0xa510</run_address>
         <size>0xaa0</size>
         <input_file_ref idref="fl-1f"/>
      </object_component>
      <object_component id="oc-12f">
         <name>.text</name>
         <load_address>0xafb0</load_address>
         <run_address>0xafb0</run_address>
         <size>0xa78</size>
         <input_file_ref idref="fl-2"/>
      </object_component>
      <object_component id="oc-141">
         <name>.text</name>
         <load_address>0xba28</load_address>
         <run_address>0xba28</run_address>
         <size>0x9e4</size>
         <input_file_ref idref="fl-d"/>
      </object_component>
      <object_component id="oc-135">
         <name>.text</name>
         <load_address>0xc40c</load_address>
         <run_address>0xc40c</run_address>
         <size>0x8fc</size>
         <input_file_ref idref="fl-7"/>
      </object_component>
      <object_component id="oc-44">
         <name>.text</name>
         <load_address>0xcd08</load_address>
         <run_address>0xcd08</run_address>
         <size>0x89c</size>
         <input_file_ref idref="fl-1e"/>
      </object_component>
      <object_component id="oc-72">
         <name>.text</name>
         <load_address>0xd5a4</load_address>
         <run_address>0xd5a4</run_address>
         <size>0x664</size>
         <input_file_ref idref="fl-4"/>
      </object_component>
      <object_component id="oc-8a">
         <name>.text</name>
         <load_address>0xdc08</load_address>
         <run_address>0xdc08</run_address>
         <size>0x5bc</size>
         <input_file_ref idref="fl-5"/>
      </object_component>
      <object_component id="oc-91">
         <name>.text</name>
         <load_address>0xe1c4</load_address>
         <run_address>0xe1c4</run_address>
         <size>0x3e0</size>
         <input_file_ref idref="fl-17"/>
      </object_component>
      <object_component id="oc-13b">
         <name>.text</name>
         <load_address>0xe5a4</load_address>
         <run_address>0xe5a4</run_address>
         <size>0x36c</size>
         <input_file_ref idref="fl-6"/>
      </object_component>
      <object_component id="oc-6d">
         <name>.text</name>
         <load_address>0xe910</load_address>
         <run_address>0xe910</run_address>
         <size>0x2d0</size>
         <input_file_ref idref="fl-15"/>
      </object_component>
      <object_component id="oc-333">
         <name>.text</name>
         <load_address>0xebe0</load_address>
         <run_address>0xebe0</run_address>
         <size>0x278</size>
         <input_file_ref idref="fl-b"/>
      </object_component>
      <object_component id="oc-3e">
         <name>.text:retain</name>
         <load_address>0xee58</load_address>
         <run_address>0xee58</run_address>
         <size>0x268</size>
         <input_file_ref idref="fl-1e"/>
      </object_component>
      <object_component id="oc-296">
         <name>.text</name>
         <load_address>0xf0c0</load_address>
         <run_address>0xf0c0</run_address>
         <size>0x238</size>
         <input_file_ref idref="fl-c"/>
      </object_component>
      <object_component id="oc-1e">
         <name>.text:retain</name>
         <load_address>0xf2f8</load_address>
         <run_address>0xf2f8</run_address>
         <size>0x214</size>
         <input_file_ref idref="fl-1d"/>
      </object_component>
      <object_component id="oc-161">
         <name>.text</name>
         <load_address>0xf50c</load_address>
         <run_address>0xf50c</run_address>
         <size>0x214</size>
         <input_file_ref idref="fl-da"/>
      </object_component>
      <object_component id="oc-343">
         <name>.text</name>
         <load_address>0xf720</load_address>
         <run_address>0xf720</run_address>
         <size>0x1b0</size>
         <input_file_ref idref="fl-e"/>
      </object_component>
      <object_component id="oc-245">
         <name>.text</name>
         <load_address>0xf8d0</load_address>
         <run_address>0xf8d0</run_address>
         <size>0x190</size>
         <input_file_ref idref="fl-dc"/>
      </object_component>
      <object_component id="oc-55">
         <name>.text</name>
         <load_address>0xfa60</load_address>
         <run_address>0xfa60</run_address>
         <size>0x180</size>
         <input_file_ref idref="fl-e5"/>
      </object_component>
      <object_component id="oc-263">
         <name>.text</name>
         <load_address>0xfbe0</load_address>
         <run_address>0xfbe0</run_address>
         <size>0x158</size>
         <input_file_ref idref="fl-11"/>
      </object_component>
      <object_component id="oc-e9">
         <name>.text</name>
         <load_address>0xfd38</load_address>
         <run_address>0xfd38</run_address>
         <size>0x154</size>
         <input_file_ref idref="fl-13"/>
      </object_component>
      <object_component id="oc-152">
         <name>.text</name>
         <load_address>0xfe8c</load_address>
         <run_address>0xfe8c</run_address>
         <size>0x134</size>
         <input_file_ref idref="fl-df"/>
      </object_component>
      <object_component id="oc-240">
         <name>.text</name>
         <load_address>0xffc0</load_address>
         <run_address>0xffc0</run_address>
         <size>0x128</size>
         <input_file_ref idref="fl-dd"/>
      </object_component>
      <object_component id="oc-2d">
         <name>.text:retain</name>
         <load_address>0x100e8</load_address>
         <run_address>0x100e8</run_address>
         <size>0xec</size>
         <input_file_ref idref="fl-5"/>
      </object_component>
      <object_component id="oc-ae">
         <name>.text</name>
         <load_address>0x101d4</load_address>
         <run_address>0x101d4</run_address>
         <size>0xe8</size>
         <input_file_ref idref="fl-3"/>
      </object_component>
      <object_component id="oc-166">
         <name>.text:__aeabi_cdrcmple</name>
         <load_address>0x102bc</load_address>
         <run_address>0x102bc</run_address>
         <size>0xe0</size>
         <input_file_ref idref="fl-db"/>
      </object_component>
      <object_component id="oc-f1">
         <name>.text</name>
         <load_address>0x1039c</load_address>
         <run_address>0x1039c</run_address>
         <size>0xe0</size>
         <input_file_ref idref="fl-1b"/>
      </object_component>
      <object_component id="oc-99">
         <name>.text</name>
         <load_address>0x1047c</load_address>
         <run_address>0x1047c</run_address>
         <size>0xd4</size>
         <input_file_ref idref="fl-8"/>
      </object_component>
      <object_component id="oc-157">
         <name>.text</name>
         <load_address>0x10550</load_address>
         <run_address>0x10550</run_address>
         <size>0xd4</size>
         <input_file_ref idref="fl-e0"/>
      </object_component>
      <object_component id="oc-db">
         <name>.text</name>
         <load_address>0x10624</load_address>
         <run_address>0x10624</run_address>
         <size>0xb0</size>
         <input_file_ref idref="fl-e7"/>
      </object_component>
      <object_component id="oc-16b">
         <name>.text</name>
         <load_address>0x106d4</load_address>
         <run_address>0x106d4</run_address>
         <size>0xa8</size>
         <input_file_ref idref="fl-e1"/>
      </object_component>
      <object_component id="oc-11">
         <name>.text:decompress:lzss:__TI_decompress_lzss</name>
         <load_address>0x1077c</load_address>
         <run_address>0x1077c</run_address>
         <size>0x90</size>
         <input_file_ref idref="fl-ed"/>
      </object_component>
      <object_component id="oc-ff">
         <name>.text:__TI_auto_init_nobinit_nopinit:__TI_auto_init_nobinit_nopinit</name>
         <load_address>0x1080c</load_address>
         <run_address>0x1080c</run_address>
         <size>0x68</size>
         <input_file_ref idref="fl-e9"/>
      </object_component>
      <object_component id="oc-15c">
         <name>.text</name>
         <load_address>0x10874</load_address>
         <run_address>0x10874</run_address>
         <size>0x5c</size>
         <input_file_ref idref="fl-e2"/>
      </object_component>
      <object_component id="oc-24a">
         <name>.text</name>
         <load_address>0x108d0</load_address>
         <run_address>0x108d0</run_address>
         <size>0x58</size>
         <input_file_ref idref="fl-de"/>
      </object_component>
      <object_component id="oc-23b">
         <name>.text</name>
         <load_address>0x10928</load_address>
         <run_address>0x10928</run_address>
         <size>0x50</size>
         <input_file_ref idref="fl-e8"/>
      </object_component>
      <object_component id="oc-2b4">
         <name>.text</name>
         <load_address>0x10978</load_address>
         <run_address>0x10978</run_address>
         <size>0x4c</size>
         <input_file_ref idref="fl-f2"/>
      </object_component>
      <object_component id="oc-170">
         <name>.text</name>
         <load_address>0x109c4</load_address>
         <run_address>0x109c4</run_address>
         <size>0x4c</size>
         <input_file_ref idref="fl-e3"/>
      </object_component>
      <object_component id="oc-14d">
         <name>.text</name>
         <load_address>0x10a10</load_address>
         <run_address>0x10a10</run_address>
         <size>0x4c</size>
         <input_file_ref idref="fl-e4"/>
      </object_component>
      <object_component id="oc-24f">
         <name>.text</name>
         <load_address>0x10a5c</load_address>
         <run_address>0x10a5c</run_address>
         <size>0x34</size>
         <input_file_ref idref="fl-e6"/>
      </object_component>
      <object_component id="oc-24">
         <name>.text:retain</name>
         <load_address>0x10a90</load_address>
         <run_address>0x10a90</run_address>
         <size>0x2c</size>
         <input_file_ref idref="fl-2"/>
      </object_component>
      <object_component id="oc-2a5">
         <name>.text:strlen</name>
         <load_address>0x10abc</load_address>
         <run_address>0x10abc</run_address>
         <size>0x20</size>
         <input_file_ref idref="fl-f0"/>
      </object_component>
      <object_component id="oc-17">
         <name>.text:decompress:none:__TI_decompress_none</name>
         <load_address>0x10adc</load_address>
         <run_address>0x10adc</run_address>
         <size>0x14</size>
         <input_file_ref idref="fl-ec"/>
      </object_component>
      <object_component id="oc-67">
         <name>.text:decompress:ZI:__TI_zero_init</name>
         <load_address>0x10af0</load_address>
         <run_address>0x10af0</run_address>
         <size>0x10</size>
         <input_file_ref idref="fl-eb"/>
      </object_component>
      <object_component id="oc-18a">
         <name>.text:abort:abort</name>
         <load_address>0x10b00</load_address>
         <run_address>0x10b00</run_address>
         <size>0x8</size>
         <input_file_ref idref="fl-ee"/>
      </object_component>
      <object_component id="oc-38">
         <name>.text:retain</name>
         <load_address>0x10b08</load_address>
         <run_address>0x10b08</run_address>
         <size>0x4</size>
         <input_file_ref idref="fl-1a"/>
      </object_component>
      <object_component id="oc-30a">
         <name>.text</name>
         <load_address>0x10b0c</load_address>
         <run_address>0x10b0c</run_address>
         <size>0x4</size>
         <input_file_ref idref="fl-f1"/>
      </object_component>
      <object_component id="oc-78">
         <name>.text</name>
         <load_address>0x10b10</load_address>
         <run_address>0x10b10</run_address>
         <size>0x4</size>
         <input_file_ref idref="fl-1d"/>
      </object_component>
      <object_component id="oc-254">
         <name>.const:het1PROGRAM</name>
         <load_address>0x10b14</load_address>
         <run_address>0x10b14</run_address>
         <size>0x3a0</size>
         <input_file_ref idref="fl-7"/>
      </object_component>
      <object_component id="oc-2a">
         <name>.const:s_vim_init</name>
         <load_address>0x10eb4</load_address>
         <run_address>0x10eb4</run_address>
         <size>0x180</size>
         <input_file_ref idref="fl-1e"/>
      </object_component>
      <object_component id="oc-257">
         <name>.const:s_het1pwmPolarity</name>
         <load_address>0x11034</load_address>
         <run_address>0x11034</run_address>
         <size>0x20</size>
         <input_file_ref idref="fl-7"/>
      </object_component>
      <object_component id="oc-234">
         <name>.const:s_adcFiFoSize</name>
         <load_address>0x11054</load_address>
         <run_address>0x11054</run_address>
         <size>0xc</size>
         <input_file_ref idref="fl-2"/>
      </object_component>
      <object_component id="oc-237">
         <name>.const:s_adcSelect</name>
         <load_address>0x11060</load_address>
         <run_address>0x11060</run_address>
         <size>0xc</size>
         <input_file_ref idref="fl-2"/>
      </object_component>
      <object_component id="oc-198">
         <name>.kernelBSS:init</name>
         <load_address>0x80008d0</load_address>
         <run_address>0x80008d0</run_address>
         <size>0x34</size>
         <input_file_ref idref="fl-11"/>
      </object_component>
      <object_component id="oc-2a2">
         <name>.kernelBSS:uninit</name>
         <load_address>0x8000800</load_address>
         <run_address>0x8000800</run_address>
         <size>0xd0</size>
         <input_file_ref idref="fl-11"/>
      </object_component>
      <object_component id="oc-38e">
         <name>.kernelHEAP</name>
         <uninitialized>true</uninitialized>
         <run_address>0x8001000</run_address>
         <size>0x2000</size>
         <input_file_ref idref="fl-b"/>
      </object_component>
      <object_component id="oc-33c">
         <name>.bss:xStart</name>
         <uninitialized>true</uninitialized>
         <run_address>0x8003020</run_address>
         <size>0x8</size>
         <input_file_ref idref="fl-b"/>
      </object_component>
      <object_component id="oc-17d">
         <name>.common:adc_data</name>
         <uninitialized>true</uninitialized>
         <run_address>0x8003000</run_address>
         <size>0x20</size>
      </object_component>
      <object_component id="oc-17e">
         <name>.common:UpLeft</name>
         <uninitialized>true</uninitialized>
         <run_address>0x8003048</run_address>
         <size>0x4</size>
      </object_component>
      <object_component id="oc-17f">
         <name>.common:DownRight</name>
         <uninitialized>true</uninitialized>
         <run_address>0x8003038</run_address>
         <size>0x4</size>
      </object_component>
      <object_component id="oc-180">
         <name>.common:UpRight</name>
         <uninitialized>true</uninitialized>
         <run_address>0x800304c</run_address>
         <size>0x4</size>
      </object_component>
      <object_component id="oc-181">
         <name>.common:DownLeft</name>
         <uninitialized>true</uninitialized>
         <run_address>0x8003034</run_address>
         <size>0x4</size>
      </object_component>
      <object_component id="oc-184">
         <name>.common:UP</name>
         <uninitialized>true</uninitialized>
         <run_address>0x800303c</run_address>
         <size>0x4</size>
      </object_component>
      <object_component id="oc-187">
         <name>.common:DOWN</name>
         <uninitialized>true</uninitialized>
         <run_address>0x8003028</run_address>
         <size>0x4</size>
      </object_component>
      <object_component id="oc-183">
         <name>.common:UP1</name>
         <uninitialized>true</uninitialized>
         <run_address>0x8003040</run_address>
         <size>0x4</size>
      </object_component>
      <object_component id="oc-182">
         <name>.common:UP2</name>
         <uninitialized>true</uninitialized>
         <run_address>0x8003044</run_address>
         <size>0x4</size>
      </object_component>
      <object_component id="oc-186">
         <name>.common:DOWN1</name>
         <uninitialized>true</uninitialized>
         <run_address>0x800302c</run_address>
         <size>0x4</size>
      </object_component>
      <object_component id="oc-185">
         <name>.common:DOWN2</name>
         <uninitialized>true</uninitialized>
         <run_address>0x8003030</run_address>
         <size>0x4</size>
      </object_component>
      <object_component id="oc-188">
         <name>.common:signal1</name>
         <uninitialized>true</uninitialized>
         <run_address>0x8003050</run_address>
         <size>0x4</size>
      </object_component>
      <object_component id="oc-175">
         <name>.common:xTask1Handle</name>
         <uninitialized>true</uninitialized>
         <run_address>0x8003054</run_address>
         <size>0x4</size>
      </object_component>
      <object_component id="oc-178">
         <name>.common:xTask2Handle</name>
         <uninitialized>true</uninitialized>
         <run_address>0x8003058</run_address>
         <size>0x4</size>
      </object_component>
      <object_component id="oc-179">
         <name>.common:xTask3Handle</name>
         <uninitialized>true</uninitialized>
         <run_address>0x800305c</run_address>
         <size>0x4</size>
      </object_component>
      <object_component id="oc-339">
         <name>.data</name>
         <load_address>0x8003080</load_address>
         <run_address>0x8003080</run_address>
         <size>0x10</size>
         <input_file_ref idref="fl-b"/>
      </object_component>
      <object_component id="oc-19b">
         <name>.data</name>
         <load_address>0x8003090</load_address>
         <run_address>0x8003090</run_address>
         <size>0x8</size>
         <input_file_ref idref="fl-e"/>
      </object_component>
      <object_component id="oc-17a">
         <name>.data</name>
         <load_address>0x8003060</load_address>
         <run_address>0x8003060</run_address>
         <size>0x20</size>
         <input_file_ref idref="fl-17"/>
      </object_component>
      <object_component id="oc-1cf">
         <name>.debug_info</name>
         <load_address>0x0</load_address>
         <run_address>0x0</run_address>
         <size>0x1ff</size>
         <input_file_ref idref="fl-2"/>
      </object_component>
      <object_component id="oc-238">
         <name>.debug_info</name>
         <load_address>0x1ff</load_address>
         <run_address>0x1ff</run_address>
         <size>0xca</size>
         <input_file_ref idref="fl-2"/>
      </object_component>
      <object_component id="oc-235">
         <name>.debug_info</name>
         <load_address>0x2c9</load_address>
         <run_address>0x2c9</run_address>
         <size>0xcf</size>
         <input_file_ref idref="fl-2"/>
      </object_component>
      <object_component id="oc-130">
         <name>.debug_info</name>
         <load_address>0x398</load_address>
         <run_address>0x398</run_address>
         <size>0xb1f</size>
         <input_file_ref idref="fl-2"/>
      </object_component>
      <object_component id="oc-25">
         <name>.debug_info</name>
         <load_address>0xeb7</load_address>
         <run_address>0xeb7</run_address>
         <size>0x12b</size>
         <input_file_ref idref="fl-2"/>
      </object_component>
      <object_component id="oc-1e4">
         <name>.debug_info</name>
         <load_address>0xfe2</load_address>
         <run_address>0xfe2</run_address>
         <size>0x791</size>
         <input_file_ref idref="fl-2"/>
      </object_component>
      <object_component id="oc-1a1">
         <name>.debug_info</name>
         <load_address>0x1773</load_address>
         <run_address>0x1773</run_address>
         <size>0x26b</size>
         <input_file_ref idref="fl-2"/>
      </object_component>
      <object_component id="oc-a9">
         <name>.debug_info</name>
         <load_address>0x19de</load_address>
         <run_address>0x19de</run_address>
         <size>0x157</size>
         <input_file_ref idref="fl-2"/>
      </object_component>
      <object_component id="oc-bc">
         <name>.debug_info</name>
         <load_address>0x1b35</load_address>
         <run_address>0x1b35</run_address>
         <size>0x8b</size>
         <input_file_ref idref="fl-2"/>
      </object_component>
      <object_component id="oc-b7">
         <name>.debug_info</name>
         <load_address>0x1bc0</load_address>
         <run_address>0x1bc0</run_address>
         <size>0x18c</size>
         <input_file_ref idref="fl-2"/>
      </object_component>
      <object_component id="oc-2e2">
         <name>.debug_info</name>
         <load_address>0x1d4c</load_address>
         <run_address>0x1d4c</run_address>
         <size>0x2a4</size>
         <input_file_ref idref="fl-2"/>
      </object_component>
      <object_component id="oc-1c9">
         <name>.debug_info</name>
         <load_address>0x1ff0</load_address>
         <run_address>0x1ff0</run_address>
         <size>0xbb</size>
         <input_file_ref idref="fl-2"/>
      </object_component>
      <object_component id="oc-c1">
         <name>.debug_info</name>
         <load_address>0x20ab</load_address>
         <run_address>0x20ab</run_address>
         <size>0x86</size>
         <input_file_ref idref="fl-2"/>
      </object_component>
      <object_component id="oc-2bc">
         <name>.debug_info</name>
         <load_address>0x2131</load_address>
         <run_address>0x2131</run_address>
         <size>0x273</size>
         <input_file_ref idref="fl-2"/>
      </object_component>
      <object_component id="oc-1bf">
         <name>.debug_info</name>
         <load_address>0x23a4</load_address>
         <run_address>0x23a4</run_address>
         <size>0x2cf</size>
         <input_file_ref idref="fl-2"/>
      </object_component>
      <object_component id="oc-b1">
         <name>.debug_info</name>
         <load_address>0x2673</load_address>
         <run_address>0x2673</run_address>
         <size>0xe7</size>
         <input_file_ref idref="fl-3"/>
      </object_component>
      <object_component id="oc-1df">
         <name>.debug_info</name>
         <load_address>0x275a</load_address>
         <run_address>0x275a</run_address>
         <size>0x178</size>
         <input_file_ref idref="fl-4"/>
      </object_component>
      <object_component id="oc-73">
         <name>.debug_info</name>
         <load_address>0x28d2</load_address>
         <run_address>0x28d2</run_address>
         <size>0x627</size>
         <input_file_ref idref="fl-4"/>
      </object_component>
      <object_component id="oc-50">
         <name>.debug_info</name>
         <load_address>0x2ef9</load_address>
         <run_address>0x2ef9</run_address>
         <size>0x84</size>
         <input_file_ref idref="fl-4"/>
      </object_component>
      <object_component id="oc-e3">
         <name>.debug_info</name>
         <load_address>0x2f7d</load_address>
         <run_address>0x2f7d</run_address>
         <size>0x9e7</size>
         <input_file_ref idref="fl-4"/>
      </object_component>
      <object_component id="oc-fe">
         <name>.debug_info</name>
         <load_address>0x3964</load_address>
         <run_address>0x3964</run_address>
         <size>0x1d0</size>
         <input_file_ref idref="fl-5"/>
      </object_component>
      <object_component id="oc-8b">
         <name>.debug_info</name>
         <load_address>0x3b34</load_address>
         <run_address>0x3b34</run_address>
         <size>0xb13</size>
         <input_file_ref idref="fl-5"/>
      </object_component>
      <object_component id="oc-2f">
         <name>.debug_info</name>
         <load_address>0x4647</load_address>
         <run_address>0x4647</run_address>
         <size>0x173</size>
         <input_file_ref idref="fl-5"/>
      </object_component>
      <object_component id="oc-1a6">
         <name>.debug_info</name>
         <load_address>0x47ba</load_address>
         <run_address>0x47ba</run_address>
         <size>0x1de</size>
         <input_file_ref idref="fl-5"/>
      </object_component>
      <object_component id="oc-f9">
         <name>.debug_info</name>
         <load_address>0x4998</load_address>
         <run_address>0x4998</run_address>
         <size>0x129</size>
         <input_file_ref idref="fl-5"/>
      </object_component>
      <object_component id="oc-262">
         <name>.debug_info</name>
         <load_address>0x4ac1</load_address>
         <run_address>0x4ac1</run_address>
         <size>0x153</size>
         <input_file_ref idref="fl-6"/>
      </object_component>
      <object_component id="oc-13d">
         <name>.debug_info</name>
         <load_address>0x4c14</load_address>
         <run_address>0x4c14</run_address>
         <size>0x6c0</size>
         <input_file_ref idref="fl-6"/>
      </object_component>
      <object_component id="oc-1b0">
         <name>.debug_info</name>
         <load_address>0x52d4</load_address>
         <run_address>0x52d4</run_address>
         <size>0x1f9</size>
         <input_file_ref idref="fl-6"/>
      </object_component>
      <object_component id="oc-31c">
         <name>.debug_info</name>
         <load_address>0x54cd</load_address>
         <run_address>0x54cd</run_address>
         <size>0xda</size>
         <input_file_ref idref="fl-6"/>
      </object_component>
      <object_component id="oc-25b">
         <name>.debug_info</name>
         <load_address>0x55a7</load_address>
         <run_address>0x55a7</run_address>
         <size>0x1a9</size>
         <input_file_ref idref="fl-7"/>
      </object_component>
      <object_component id="oc-258">
         <name>.debug_info</name>
         <load_address>0x5750</load_address>
         <run_address>0x5750</run_address>
         <size>0xd6</size>
         <input_file_ref idref="fl-7"/>
      </object_component>
      <object_component id="oc-255">
         <name>.debug_info</name>
         <load_address>0x5826</load_address>
         <run_address>0x5826</run_address>
         <size>0xca</size>
         <input_file_ref idref="fl-7"/>
      </object_component>
      <object_component id="oc-136">
         <name>.debug_info</name>
         <load_address>0x58f0</load_address>
         <run_address>0x58f0</run_address>
         <size>0xe84</size>
         <input_file_ref idref="fl-7"/>
      </object_component>
      <object_component id="oc-1d7">
         <name>.debug_info</name>
         <load_address>0x6774</load_address>
         <run_address>0x6774</run_address>
         <size>0x2c</size>
         <input_file_ref idref="fl-7"/>
      </object_component>
      <object_component id="oc-1fd">
         <name>.debug_info</name>
         <load_address>0x67a0</load_address>
         <run_address>0x67a0</run_address>
         <size>0x3d3</size>
         <input_file_ref idref="fl-7"/>
      </object_component>
      <object_component id="oc-25c">
         <name>.debug_info</name>
         <load_address>0x6b73</load_address>
         <run_address>0x6b73</run_address>
         <size>0x2e3</size>
         <input_file_ref idref="fl-7"/>
      </object_component>
      <object_component id="oc-197">
         <name>.debug_info</name>
         <load_address>0x6e56</load_address>
         <run_address>0x6e56</run_address>
         <size>0x30d</size>
         <input_file_ref idref="fl-8"/>
      </object_component>
      <object_component id="oc-9a">
         <name>.debug_info</name>
         <load_address>0x7163</load_address>
         <run_address>0x7163</run_address>
         <size>0x94e</size>
         <input_file_ref idref="fl-8"/>
      </object_component>
      <object_component id="oc-1e9">
         <name>.debug_info</name>
         <load_address>0x7ab1</load_address>
         <run_address>0x7ab1</run_address>
         <size>0x4de</size>
         <input_file_ref idref="fl-8"/>
      </object_component>
      <object_component id="oc-1ee">
         <name>.debug_info</name>
         <load_address>0x7f8f</load_address>
         <run_address>0x7f8f</run_address>
         <size>0x3ce</size>
         <input_file_ref idref="fl-8"/>
      </object_component>
      <object_component id="oc-1f3">
         <name>.debug_info</name>
         <load_address>0x835d</load_address>
         <run_address>0x835d</run_address>
         <size>0x437</size>
         <input_file_ref idref="fl-8"/>
      </object_component>
      <object_component id="oc-21e">
         <name>.debug_info</name>
         <load_address>0x8794</load_address>
         <run_address>0x8794</run_address>
         <size>0x37b</size>
         <input_file_ref idref="fl-8"/>
      </object_component>
      <object_component id="oc-1f8">
         <name>.debug_info</name>
         <load_address>0x8b0f</load_address>
         <run_address>0x8b0f</run_address>
         <size>0x1ca</size>
         <input_file_ref idref="fl-8"/>
      </object_component>
      <object_component id="oc-1ab">
         <name>.debug_info</name>
         <load_address>0x8cd9</load_address>
         <run_address>0x8cd9</run_address>
         <size>0x435</size>
         <input_file_ref idref="fl-8"/>
      </object_component>
      <object_component id="oc-211">
         <name>.debug_info</name>
         <load_address>0x910e</load_address>
         <run_address>0x910e</run_address>
         <size>0x510</size>
         <input_file_ref idref="fl-8"/>
      </object_component>
      <object_component id="oc-207">
         <name>.debug_info</name>
         <load_address>0x961e</load_address>
         <run_address>0x961e</run_address>
         <size>0x1de</size>
         <input_file_ref idref="fl-8"/>
      </object_component>
      <object_component id="oc-2c1">
         <name>.debug_info</name>
         <load_address>0x97fc</load_address>
         <run_address>0x97fc</run_address>
         <size>0x243</size>
         <input_file_ref idref="fl-8"/>
      </object_component>
      <object_component id="oc-216">
         <name>.debug_info</name>
         <load_address>0x9a3f</load_address>
         <run_address>0x9a3f</run_address>
         <size>0x17a</size>
         <input_file_ref idref="fl-8"/>
      </object_component>
      <object_component id="oc-1b5">
         <name>.debug_info</name>
         <load_address>0x9bb9</load_address>
         <run_address>0x9bb9</run_address>
         <size>0x642</size>
         <input_file_ref idref="fl-8"/>
      </object_component>
      <object_component id="oc-1ba">
         <name>.debug_info</name>
         <load_address>0xa1fb</load_address>
         <run_address>0xa1fb</run_address>
         <size>0x13e</size>
         <input_file_ref idref="fl-8"/>
      </object_component>
      <object_component id="oc-32b">
         <name>.debug_info</name>
         <load_address>0xa339</load_address>
         <run_address>0xa339</run_address>
         <size>0x1bf</size>
         <input_file_ref idref="fl-9"/>
      </object_component>
      <object_component id="oc-281">
         <name>.debug_info</name>
         <load_address>0xa4f8</load_address>
         <run_address>0xa4f8</run_address>
         <size>0x30c</size>
         <input_file_ref idref="fl-9"/>
      </object_component>
      <object_component id="oc-2cb">
         <name>.debug_info</name>
         <load_address>0xa804</load_address>
         <run_address>0xa804</run_address>
         <size>0x379</size>
         <input_file_ref idref="fl-9"/>
      </object_component>
      <object_component id="oc-276">
         <name>.debug_info</name>
         <load_address>0xab7d</load_address>
         <run_address>0xab7d</run_address>
         <size>0xe1</size>
         <input_file_ref idref="fl-9"/>
      </object_component>
      <object_component id="oc-389">
         <name>.debug_info</name>
         <load_address>0xac5e</load_address>
         <run_address>0xac5e</run_address>
         <size>0xcc</size>
         <input_file_ref idref="fl-9"/>
      </object_component>
      <object_component id="oc-27b">
         <name>.debug_info</name>
         <load_address>0xad2a</load_address>
         <run_address>0xad2a</run_address>
         <size>0x2c</size>
         <input_file_ref idref="fl-9"/>
      </object_component>
      <object_component id="oc-2c6">
         <name>.debug_info</name>
         <load_address>0xad56</load_address>
         <run_address>0xad56</run_address>
         <size>0x14c</size>
         <input_file_ref idref="fl-9"/>
      </object_component>
      <object_component id="oc-32a">
         <name>.debug_info</name>
         <load_address>0xaea2</load_address>
         <run_address>0xaea2</run_address>
         <size>0x536</size>
         <input_file_ref idref="fl-a"/>
      </object_component>
      <object_component id="oc-272">
         <name>.debug_info</name>
         <load_address>0xb3d8</load_address>
         <run_address>0xb3d8</run_address>
         <size>0x1462</size>
         <input_file_ref idref="fl-a"/>
      </object_component>
      <object_component id="oc-324">
         <name>.debug_info</name>
         <load_address>0xc83a</load_address>
         <run_address>0xc83a</run_address>
         <size>0x110</size>
         <input_file_ref idref="fl-a"/>
      </object_component>
      <object_component id="oc-28b">
         <name>.debug_info</name>
         <load_address>0xc94a</load_address>
         <run_address>0xc94a</run_address>
         <size>0x39</size>
         <input_file_ref idref="fl-a"/>
      </object_component>
      <object_component id="oc-32e">
         <name>.debug_info</name>
         <load_address>0xc983</load_address>
         <run_address>0xc983</run_address>
         <size>0x46</size>
         <input_file_ref idref="fl-a"/>
      </object_component>
      <object_component id="oc-382">
         <name>.debug_info</name>
         <load_address>0xc9c9</load_address>
         <run_address>0xc9c9</run_address>
         <size>0x62</size>
         <input_file_ref idref="fl-a"/>
      </object_component>
      <object_component id="oc-340">
         <name>.debug_info</name>
         <load_address>0xca2b</load_address>
         <run_address>0xca2b</run_address>
         <size>0x2de</size>
         <input_file_ref idref="fl-b"/>
      </object_component>
      <object_component id="oc-38f">
         <name>.debug_info</name>
         <load_address>0xcd09</load_address>
         <run_address>0xcd09</run_address>
         <size>0xc4</size>
         <input_file_ref idref="fl-b"/>
      </object_component>
      <object_component id="oc-33d">
         <name>.debug_info</name>
         <load_address>0xcdcd</load_address>
         <run_address>0xcdcd</run_address>
         <size>0xc4</size>
         <input_file_ref idref="fl-b"/>
      </object_component>
      <object_component id="oc-33a">
         <name>.debug_info</name>
         <load_address>0xce91</load_address>
         <run_address>0xce91</run_address>
         <size>0x178</size>
         <input_file_ref idref="fl-b"/>
      </object_component>
      <object_component id="oc-291">
         <name>.debug_info</name>
         <load_address>0xd009</load_address>
         <run_address>0xd009</run_address>
         <size>0x521</size>
         <input_file_ref idref="fl-b"/>
      </object_component>
      <object_component id="oc-335">
         <name>.debug_info</name>
         <load_address>0xd52a</load_address>
         <run_address>0xd52a</run_address>
         <size>0x29b</size>
         <input_file_ref idref="fl-b"/>
      </object_component>
      <object_component id="oc-396">
         <name>.debug_info</name>
         <load_address>0xd7c5</load_address>
         <run_address>0xd7c5</run_address>
         <size>0x62</size>
         <input_file_ref idref="fl-b"/>
      </object_component>
      <object_component id="oc-342">
         <name>.debug_info</name>
         <load_address>0xd827</load_address>
         <run_address>0xd827</run_address>
         <size>0x219</size>
         <input_file_ref idref="fl-c"/>
      </object_component>
      <object_component id="oc-297">
         <name>.debug_info</name>
         <load_address>0xda40</load_address>
         <run_address>0xda40</run_address>
         <size>0x4a2</size>
         <input_file_ref idref="fl-c"/>
      </object_component>
      <object_component id="oc-280">
         <name>.debug_info</name>
         <load_address>0xdee2</load_address>
         <run_address>0xdee2</run_address>
         <size>0xd3b</size>
         <input_file_ref idref="fl-d"/>
      </object_component>
      <object_component id="oc-142">
         <name>.debug_info</name>
         <load_address>0xec1d</load_address>
         <run_address>0xec1d</run_address>
         <size>0x3ca6</size>
         <input_file_ref idref="fl-d"/>
      </object_component>
      <object_component id="oc-286">
         <name>.debug_info</name>
         <load_address>0x128c3</load_address>
         <run_address>0x128c3</run_address>
         <size>0x46</size>
         <input_file_ref idref="fl-d"/>
      </object_component>
      <object_component id="oc-34a">
         <name>.debug_info</name>
         <load_address>0x12909</load_address>
         <run_address>0x12909</run_address>
         <size>0x331</size>
         <input_file_ref idref="fl-e"/>
      </object_component>
      <object_component id="oc-19c">
         <name>.debug_info</name>
         <load_address>0x12c3a</load_address>
         <run_address>0x12c3a</run_address>
         <size>0x112</size>
         <input_file_ref idref="fl-e"/>
      </object_component>
      <object_component id="oc-29e">
         <name>.debug_info</name>
         <load_address>0x12d4c</load_address>
         <run_address>0x12d4c</run_address>
         <size>0x5a4</size>
         <input_file_ref idref="fl-e"/>
      </object_component>
      <object_component id="oc-344">
         <name>.debug_info</name>
         <load_address>0x132f0</load_address>
         <run_address>0x132f0</run_address>
         <size>0x34a</size>
         <input_file_ref idref="fl-e"/>
      </object_component>
      <object_component id="oc-a2">
         <name>.debug_info</name>
         <load_address>0x1363a</load_address>
         <run_address>0x1363a</run_address>
         <size>0x48d</size>
         <input_file_ref idref="fl-f"/>
      </object_component>
      <object_component id="oc-323">
         <name>.debug_info</name>
         <load_address>0x13ac7</load_address>
         <run_address>0x13ac7</run_address>
         <size>0x590</size>
         <input_file_ref idref="fl-10"/>
      </object_component>
      <object_component id="oc-26a">
         <name>.debug_info</name>
         <load_address>0x14057</load_address>
         <run_address>0x14057</run_address>
         <size>0x2564</size>
         <input_file_ref idref="fl-10"/>
      </object_component>
      <object_component id="oc-37b">
         <name>.debug_info</name>
         <load_address>0x165bb</load_address>
         <run_address>0x165bb</run_address>
         <size>0x155</size>
         <input_file_ref idref="fl-10"/>
      </object_component>
      <object_component id="oc-2ac">
         <name>.debug_info</name>
         <load_address>0x16710</load_address>
         <run_address>0x16710</run_address>
         <size>0x707</size>
         <input_file_ref idref="fl-11"/>
      </object_component>
      <object_component id="oc-199">
         <name>.debug_info</name>
         <load_address>0x16e17</load_address>
         <run_address>0x16e17</run_address>
         <size>0x335</size>
         <input_file_ref idref="fl-11"/>
      </object_component>
      <object_component id="oc-2a3">
         <name>.debug_info</name>
         <load_address>0x1714c</load_address>
         <run_address>0x1714c</run_address>
         <size>0x261</size>
         <input_file_ref idref="fl-11"/>
      </object_component>
      <object_component id="oc-14a">
         <name>.debug_info</name>
         <load_address>0x173ad</load_address>
         <run_address>0x173ad</run_address>
         <size>0x4b75</size>
         <input_file_ref idref="fl-11"/>
      </object_component>
      <object_component id="oc-266">
         <name>.debug_info</name>
         <load_address>0x1bf22</load_address>
         <run_address>0x1bf22</run_address>
         <size>0x3e3</size>
         <input_file_ref idref="fl-11"/>
      </object_component>
      <object_component id="oc-351">
         <name>.debug_info</name>
         <load_address>0x1c305</load_address>
         <run_address>0x1c305</run_address>
         <size>0x146</size>
         <input_file_ref idref="fl-11"/>
      </object_component>
      <object_component id="oc-1e1">
         <name>.debug_info</name>
         <load_address>0x1c44b</load_address>
         <run_address>0x1c44b</run_address>
         <size>0x13a</size>
         <input_file_ref idref="fl-13"/>
      </object_component>
      <object_component id="oc-ea">
         <name>.debug_info</name>
         <load_address>0x1c585</load_address>
         <run_address>0x1c585</run_address>
         <size>0x1cd</size>
         <input_file_ref idref="fl-13"/>
      </object_component>
      <object_component id="oc-202">
         <name>.debug_info</name>
         <load_address>0x1c752</load_address>
         <run_address>0x1c752</run_address>
         <size>0x1d8</size>
         <input_file_ref idref="fl-13"/>
      </object_component>
      <object_component id="oc-2ed">
         <name>.debug_info</name>
         <load_address>0x1c92a</load_address>
         <run_address>0x1c92a</run_address>
         <size>0xc6</size>
         <input_file_ref idref="fl-13"/>
      </object_component>
      <object_component id="oc-6e">
         <name>.debug_info</name>
         <load_address>0x1c9f0</load_address>
         <run_address>0x1c9f0</run_address>
         <size>0x768</size>
         <input_file_ref idref="fl-15"/>
      </object_component>
      <object_component id="oc-35">
         <name>.debug_info</name>
         <load_address>0x1d158</load_address>
         <run_address>0x1d158</run_address>
         <size>0xef</size>
         <input_file_ref idref="fl-16"/>
      </object_component>
      <object_component id="oc-176">
         <name>.debug_info</name>
         <load_address>0x1d247</load_address>
         <run_address>0x1d247</run_address>
         <size>0x771</size>
         <input_file_ref idref="fl-17"/>
      </object_component>
      <object_component id="oc-17b">
         <name>.debug_info</name>
         <load_address>0x1d9b8</load_address>
         <run_address>0x1d9b8</run_address>
         <size>0x15a</size>
         <input_file_ref idref="fl-17"/>
      </object_component>
      <object_component id="oc-92">
         <name>.debug_info</name>
         <load_address>0x1db12</load_address>
         <run_address>0x1db12</run_address>
         <size>0x632</size>
         <input_file_ref idref="fl-17"/>
      </object_component>
      <object_component id="oc-2f2">
         <name>.debug_info</name>
         <load_address>0x1e144</load_address>
         <run_address>0x1e144</run_address>
         <size>0x159</size>
         <input_file_ref idref="fl-19"/>
      </object_component>
      <object_component id="oc-367">
         <name>.debug_info</name>
         <load_address>0x1e29d</load_address>
         <run_address>0x1e29d</run_address>
         <size>0x242</size>
         <input_file_ref idref="fl-19"/>
      </object_component>
      <object_component id="oc-20c">
         <name>.debug_info</name>
         <load_address>0x1e4df</load_address>
         <run_address>0x1e4df</run_address>
         <size>0x2af</size>
         <input_file_ref idref="fl-19"/>
      </object_component>
      <object_component id="oc-3b">
         <name>.debug_info</name>
         <load_address>0x1e78e</load_address>
         <run_address>0x1e78e</run_address>
         <size>0x124</size>
         <input_file_ref idref="fl-1a"/>
      </object_component>
      <object_component id="oc-f2">
         <name>.debug_info</name>
         <load_address>0x1e8b2</load_address>
         <run_address>0x1e8b2</run_address>
         <size>0x34e</size>
         <input_file_ref idref="fl-1b"/>
      </object_component>
      <object_component id="oc-f7">
         <name>.debug_info</name>
         <load_address>0x1ec00</load_address>
         <run_address>0x1ec00</run_address>
         <size>0x51b</size>
         <input_file_ref idref="fl-1c"/>
      </object_component>
      <object_component id="oc-86">
         <name>.debug_info</name>
         <load_address>0x1f11b</load_address>
         <run_address>0x1f11b</run_address>
         <size>0x27e9</size>
         <input_file_ref idref="fl-1c"/>
      </object_component>
      <object_component id="oc-1f">
         <name>.debug_info</name>
         <load_address>0x21904</load_address>
         <run_address>0x21904</run_address>
         <size>0x50b</size>
         <input_file_ref idref="fl-1d"/>
      </object_component>
      <object_component id="oc-79">
         <name>.debug_info</name>
         <load_address>0x21e0f</load_address>
         <run_address>0x21e0f</run_address>
         <size>0x11d</size>
         <input_file_ref idref="fl-1d"/>
      </object_component>
      <object_component id="oc-a7">
         <name>.debug_info</name>
         <load_address>0x21f2c</load_address>
         <run_address>0x21f2c</run_address>
         <size>0x381</size>
         <input_file_ref idref="fl-1e"/>
      </object_component>
      <object_component id="oc-2b">
         <name>.debug_info</name>
         <load_address>0x222ad</load_address>
         <run_address>0x222ad</run_address>
         <size>0xcc</size>
         <input_file_ref idref="fl-1e"/>
      </object_component>
      <object_component id="oc-48">
         <name>.debug_info</name>
         <load_address>0x22379</load_address>
         <run_address>0x22379</run_address>
         <size>0x45e</size>
         <input_file_ref idref="fl-1e"/>
      </object_component>
      <object_component id="oc-42">
         <name>.debug_info</name>
         <load_address>0x227d7</load_address>
         <run_address>0x227d7</run_address>
         <size>0x1e7</size>
         <input_file_ref idref="fl-1e"/>
      </object_component>
      <object_component id="oc-1c4">
         <name>.debug_info</name>
         <load_address>0x229be</load_address>
         <run_address>0x229be</run_address>
         <size>0x4f</size>
         <input_file_ref idref="fl-1e"/>
      </object_component>
      <object_component id="oc-f0">
         <name>.debug_info</name>
         <load_address>0x22a0d</load_address>
         <run_address>0x22a0d</run_address>
         <size>0x3c7</size>
         <input_file_ref idref="fl-1f"/>
      </object_component>
      <object_component id="oc-7f">
         <name>.debug_info</name>
         <load_address>0x22dd4</load_address>
         <run_address>0x22dd4</run_address>
         <size>0x7c1</size>
         <input_file_ref idref="fl-1f"/>
      </object_component>
      <object_component id="oc-163">
         <name>.debug_info</name>
         <load_address>0x23595</load_address>
         <run_address>0x23595</run_address>
         <size>0x131</size>
         <input_file_ref idref="fl-da"/>
      </object_component>
      <object_component id="oc-167">
         <name>.debug_info</name>
         <load_address>0x236c6</load_address>
         <run_address>0x236c6</run_address>
         <size>0xfa</size>
         <input_file_ref idref="fl-db"/>
      </object_component>
      <object_component id="oc-248">
         <name>.debug_info</name>
         <load_address>0x237c0</load_address>
         <run_address>0x237c0</run_address>
         <size>0x116</size>
         <input_file_ref idref="fl-dc"/>
      </object_component>
      <object_component id="oc-243">
         <name>.debug_info</name>
         <load_address>0x238d6</load_address>
         <run_address>0x238d6</run_address>
         <size>0x116</size>
         <input_file_ref idref="fl-dd"/>
      </object_component>
      <object_component id="oc-24c">
         <name>.debug_info</name>
         <load_address>0x239ec</load_address>
         <run_address>0x239ec</run_address>
         <size>0x10f</size>
         <input_file_ref idref="fl-de"/>
      </object_component>
      <object_component id="oc-153">
         <name>.debug_info</name>
         <load_address>0x23afb</load_address>
         <run_address>0x23afb</run_address>
         <size>0x11f</size>
         <input_file_ref idref="fl-df"/>
      </object_component>
      <object_component id="oc-159">
         <name>.debug_info</name>
         <load_address>0x23c1a</load_address>
         <run_address>0x23c1a</run_address>
         <size>0x116</size>
         <input_file_ref idref="fl-e0"/>
      </object_component>
      <object_component id="oc-16e">
         <name>.debug_info</name>
         <load_address>0x23d30</load_address>
         <run_address>0x23d30</run_address>
         <size>0x116</size>
         <input_file_ref idref="fl-e1"/>
      </object_component>
      <object_component id="oc-15f">
         <name>.debug_info</name>
         <load_address>0x23e46</load_address>
         <run_address>0x23e46</run_address>
         <size>0x102</size>
         <input_file_ref idref="fl-e2"/>
      </object_component>
      <object_component id="oc-172">
         <name>.debug_info</name>
         <load_address>0x23f48</load_address>
         <run_address>0x23f48</run_address>
         <size>0x122</size>
         <input_file_ref idref="fl-e3"/>
      </object_component>
      <object_component id="oc-14f">
         <name>.debug_info</name>
         <load_address>0x2406a</load_address>
         <run_address>0x2406a</run_address>
         <size>0xf9</size>
         <input_file_ref idref="fl-e4"/>
      </object_component>
      <object_component id="oc-58">
         <name>.debug_info</name>
         <load_address>0x24163</load_address>
         <run_address>0x24163</run_address>
         <size>0x152</size>
         <input_file_ref idref="fl-e5"/>
      </object_component>
      <object_component id="oc-252">
         <name>.debug_info</name>
         <load_address>0x242b5</load_address>
         <run_address>0x242b5</run_address>
         <size>0xfb</size>
         <input_file_ref idref="fl-e6"/>
      </object_component>
      <object_component id="oc-dc">
         <name>.debug_info</name>
         <load_address>0x243b0</load_address>
         <run_address>0x243b0</run_address>
         <size>0x11a</size>
         <input_file_ref idref="fl-e7"/>
      </object_component>
      <object_component id="oc-23d">
         <name>.debug_info</name>
         <load_address>0x244ca</load_address>
         <run_address>0x244ca</run_address>
         <size>0x11f</size>
         <input_file_ref idref="fl-e8"/>
      </object_component>
      <object_component id="oc-226">
         <name>.debug_info</name>
         <load_address>0x245e9</load_address>
         <run_address>0x245e9</run_address>
         <size>0x353</size>
         <input_file_ref idref="fl-e9"/>
      </object_component>
      <object_component id="oc-100">
         <name>.debug_info</name>
         <load_address>0x2493c</load_address>
         <run_address>0x2493c</run_address>
         <size>0x174</size>
         <input_file_ref idref="fl-e9"/>
      </object_component>
      <object_component id="oc-2f5">
         <name>.debug_info</name>
         <load_address>0x24ab0</load_address>
         <run_address>0x24ab0</run_address>
         <size>0x39</size>
         <input_file_ref idref="fl-e9"/>
      </object_component>
      <object_component id="oc-36c">
         <name>.debug_info</name>
         <load_address>0x24ae9</load_address>
         <run_address>0x24ae9</run_address>
         <size>0x39</size>
         <input_file_ref idref="fl-e9"/>
      </object_component>
      <object_component id="oc-2fa">
         <name>.debug_info</name>
         <load_address>0x24b22</load_address>
         <run_address>0x24b22</run_address>
         <size>0x39</size>
         <input_file_ref idref="fl-e9"/>
      </object_component>
      <object_component id="oc-2ff">
         <name>.debug_info</name>
         <load_address>0x24b5b</load_address>
         <run_address>0x24b5b</run_address>
         <size>0xcd</size>
         <input_file_ref idref="fl-e9"/>
      </object_component>
      <object_component id="oc-da">
         <name>.debug_info</name>
         <load_address>0x24c28</load_address>
         <run_address>0x24c28</run_address>
         <size>0x16f</size>
         <input_file_ref idref="fl-eb"/>
      </object_component>
      <object_component id="oc-68">
         <name>.debug_info</name>
         <load_address>0x24d97</load_address>
         <run_address>0x24d97</run_address>
         <size>0x16e</size>
         <input_file_ref idref="fl-eb"/>
      </object_component>
      <object_component id="oc-d5">
         <name>.debug_info</name>
         <load_address>0x24f05</load_address>
         <run_address>0x24f05</run_address>
         <size>0x46</size>
         <input_file_ref idref="fl-eb"/>
      </object_component>
      <object_component id="oc-60">
         <name>.debug_info</name>
         <load_address>0x24f4b</load_address>
         <run_address>0x24f4b</run_address>
         <size>0x143</size>
         <input_file_ref idref="fl-ec"/>
      </object_component>
      <object_component id="oc-19">
         <name>.debug_info</name>
         <load_address>0x2508e</load_address>
         <run_address>0x2508e</run_address>
         <size>0x1a3</size>
         <input_file_ref idref="fl-ec"/>
      </object_component>
      <object_component id="oc-5b">
         <name>.debug_info</name>
         <load_address>0x25231</load_address>
         <run_address>0x25231</run_address>
         <size>0x46</size>
         <input_file_ref idref="fl-ec"/>
      </object_component>
      <object_component id="oc-cd">
         <name>.debug_info</name>
         <load_address>0x25277</load_address>
         <run_address>0x25277</run_address>
         <size>0x2c</size>
         <input_file_ref idref="fl-ec"/>
      </object_component>
      <object_component id="oc-cb">
         <name>.debug_info</name>
         <load_address>0x252a3</load_address>
         <run_address>0x252a3</run_address>
         <size>0x13e</size>
         <input_file_ref idref="fl-ed"/>
      </object_component>
      <object_component id="oc-14">
         <name>.debug_info</name>
         <load_address>0x253e1</load_address>
         <run_address>0x253e1</run_address>
         <size>0x21e</size>
         <input_file_ref idref="fl-ed"/>
      </object_component>
      <object_component id="oc-4b">
         <name>.debug_info</name>
         <load_address>0x255ff</load_address>
         <run_address>0x255ff</run_address>
         <size>0x60</size>
         <input_file_ref idref="fl-ed"/>
      </object_component>
      <object_component id="oc-1d0">
         <name>.debug_info</name>
         <load_address>0x2565f</load_address>
         <run_address>0x2565f</run_address>
         <size>0x46</size>
         <input_file_ref idref="fl-ed"/>
      </object_component>
      <object_component id="oc-c6">
         <name>.debug_info</name>
         <load_address>0x256a5</load_address>
         <run_address>0x256a5</run_address>
         <size>0x39</size>
         <input_file_ref idref="fl-ed"/>
      </object_component>
      <object_component id="oc-18e">
         <name>.debug_info</name>
         <load_address>0x256de</load_address>
         <run_address>0x256de</run_address>
         <size>0xf0</size>
         <input_file_ref idref="fl-ee"/>
      </object_component>
      <object_component id="oc-34e">
         <name>.debug_info</name>
         <load_address>0x257ce</load_address>
         <run_address>0x257ce</run_address>
         <size>0x12f</size>
         <input_file_ref idref="fl-f0"/>
      </object_component>
      <object_component id="oc-2a7">
         <name>.debug_info</name>
         <load_address>0x258fd</load_address>
         <run_address>0x258fd</run_address>
         <size>0x1b3</size>
         <input_file_ref idref="fl-f0"/>
      </object_component>
      <object_component id="oc-30d">
         <name>.debug_info</name>
         <load_address>0x25ab0</load_address>
         <run_address>0x25ab0</run_address>
         <size>0xe3</size>
         <input_file_ref idref="fl-f1"/>
      </object_component>
      <object_component id="oc-2b7">
         <name>.debug_info</name>
         <load_address>0x25b93</load_address>
         <run_address>0x25b93</run_address>
         <size>0x104</size>
         <input_file_ref idref="fl-f2"/>
      </object_component>
      <object_component id="oc-3d6">
         <name>.debug_info</name>
         <load_address>0x25c97</load_address>
         <run_address>0x25c97</run_address>
         <size>0x8e</size>
      </object_component>
      <object_component id="oc-2e8">
         <name>.debug_line</name>
         <load_address>0x0</load_address>
         <run_address>0x0</run_address>
         <size>0x4b</size>
         <input_file_ref idref="fl-2"/>
      </object_component>
      <object_component id="oc-309">
         <name>.debug_line</name>
         <load_address>0x4b</load_address>
         <run_address>0x4b</run_address>
         <size>0x33</size>
         <input_file_ref idref="fl-2"/>
      </object_component>
      <object_component id="oc-307">
         <name>.debug_line</name>
         <load_address>0x7e</load_address>
         <run_address>0x7e</run_address>
         <size>0x33</size>
         <input_file_ref idref="fl-2"/>
      </object_component>
      <object_component id="oc-133">
         <name>.debug_line</name>
         <load_address>0xb1</load_address>
         <run_address>0xb1</run_address>
         <size>0x2d7</size>
         <input_file_ref idref="fl-2"/>
      </object_component>
      <object_component id="oc-28">
         <name>.debug_line</name>
         <load_address>0x388</load_address>
         <run_address>0x388</run_address>
         <size>0x4c</size>
         <input_file_ref idref="fl-2"/>
      </object_component>
      <object_component id="oc-1e7">
         <name>.debug_line</name>
         <load_address>0x3d4</load_address>
         <run_address>0x3d4</run_address>
         <size>0x4f</size>
         <input_file_ref idref="fl-2"/>
      </object_component>
      <object_component id="oc-1a4">
         <name>.debug_line</name>
         <load_address>0x423</load_address>
         <run_address>0x423</run_address>
         <size>0x6f</size>
         <input_file_ref idref="fl-2"/>
      </object_component>
      <object_component id="oc-ac">
         <name>.debug_line</name>
         <load_address>0x492</load_address>
         <run_address>0x492</run_address>
         <size>0x54</size>
         <input_file_ref idref="fl-2"/>
      </object_component>
      <object_component id="oc-bf">
         <name>.debug_line</name>
         <load_address>0x4e6</load_address>
         <run_address>0x4e6</run_address>
         <size>0x20</size>
         <input_file_ref idref="fl-2"/>
      </object_component>
      <object_component id="oc-ba">
         <name>.debug_line</name>
         <load_address>0x506</load_address>
         <run_address>0x506</run_address>
         <size>0x4f</size>
         <input_file_ref idref="fl-2"/>
      </object_component>
      <object_component id="oc-2e5">
         <name>.debug_line</name>
         <load_address>0x555</load_address>
         <run_address>0x555</run_address>
         <size>0x73</size>
         <input_file_ref idref="fl-2"/>
      </object_component>
      <object_component id="oc-1cc">
         <name>.debug_line</name>
         <load_address>0x5c8</load_address>
         <run_address>0x5c8</run_address>
         <size>0x70</size>
         <input_file_ref idref="fl-2"/>
      </object_component>
      <object_component id="oc-c4">
         <name>.debug_line</name>
         <load_address>0x638</load_address>
         <run_address>0x638</run_address>
         <size>0x52</size>
         <input_file_ref idref="fl-2"/>
      </object_component>
      <object_component id="oc-2bf">
         <name>.debug_line</name>
         <load_address>0x68a</load_address>
         <run_address>0x68a</run_address>
         <size>0x4b</size>
         <input_file_ref idref="fl-2"/>
      </object_component>
      <object_component id="oc-1c2">
         <name>.debug_line</name>
         <load_address>0x6d5</load_address>
         <run_address>0x6d5</run_address>
         <size>0x4f</size>
         <input_file_ref idref="fl-2"/>
      </object_component>
      <object_component id="oc-af">
         <name>.debug_line</name>
         <load_address>0x724</load_address>
         <run_address>0x724</run_address>
         <size>0x78</size>
         <input_file_ref idref="fl-3"/>
      </object_component>
      <object_component id="oc-2ea">
         <name>.debug_line</name>
         <load_address>0x79c</load_address>
         <run_address>0x79c</run_address>
         <size>0x20</size>
         <input_file_ref idref="fl-4"/>
      </object_component>
      <object_component id="oc-76">
         <name>.debug_line</name>
         <load_address>0x7bc</load_address>
         <run_address>0x7bc</run_address>
         <size>0x1ea</size>
         <input_file_ref idref="fl-4"/>
      </object_component>
      <object_component id="oc-53">
         <name>.debug_line</name>
         <load_address>0x9a6</load_address>
         <run_address>0x9a6</run_address>
         <size>0x20</size>
         <input_file_ref idref="fl-4"/>
      </object_component>
      <object_component id="oc-e6">
         <name>.debug_line</name>
         <load_address>0x9c6</load_address>
         <run_address>0x9c6</run_address>
         <size>0x5e</size>
         <input_file_ref idref="fl-4"/>
      </object_component>
      <object_component id="oc-224">
         <name>.debug_line</name>
         <load_address>0xa24</load_address>
         <run_address>0xa24</run_address>
         <size>0x4b</size>
         <input_file_ref idref="fl-5"/>
      </object_component>
      <object_component id="oc-8e">
         <name>.debug_line</name>
         <load_address>0xa6f</load_address>
         <run_address>0xa6f</run_address>
         <size>0x26b</size>
         <input_file_ref idref="fl-5"/>
      </object_component>
      <object_component id="oc-2e">
         <name>.debug_line</name>
         <load_address>0xcda</load_address>
         <run_address>0xcda</run_address>
         <size>0x63</size>
         <input_file_ref idref="fl-5"/>
      </object_component>
      <object_component id="oc-1a9">
         <name>.debug_line</name>
         <load_address>0xd3d</load_address>
         <run_address>0xd3d</run_address>
         <size>0x4f</size>
         <input_file_ref idref="fl-5"/>
      </object_component>
      <object_component id="oc-fc">
         <name>.debug_line</name>
         <load_address>0xd8c</load_address>
         <run_address>0xd8c</run_address>
         <size>0x4b</size>
         <input_file_ref idref="fl-5"/>
      </object_component>
      <object_component id="oc-31b">
         <name>.debug_line</name>
         <load_address>0xdd7</load_address>
         <run_address>0xdd7</run_address>
         <size>0x20</size>
         <input_file_ref idref="fl-6"/>
      </object_component>
      <object_component id="oc-13c">
         <name>.debug_line</name>
         <load_address>0xdf7</load_address>
         <run_address>0xdf7</run_address>
         <size>0x16a</size>
         <input_file_ref idref="fl-6"/>
      </object_component>
      <object_component id="oc-1b3">
         <name>.debug_line</name>
         <load_address>0xf61</load_address>
         <run_address>0xf61</run_address>
         <size>0x4f</size>
         <input_file_ref idref="fl-6"/>
      </object_component>
      <object_component id="oc-31f">
         <name>.debug_line</name>
         <load_address>0xfb0</load_address>
         <run_address>0xfb0</run_address>
         <size>0x4b</size>
[...]
         <name>Dut2</name>
         <value>0x800306c</value>
         <object_component_ref idref="oc-17a"/>
      </symbol>
      <symbol id="sm-886">
         <name>vApplicationIdleHook</name>
         <value>0xe270</value>
         <object_component_ref idref="oc-91"/>
      </symbol>
      <symbol id="sm-887">
         <name>t</name>
         <value>0x8003060</value>
         <object_component_ref idref="oc-17a"/>
      </symbol>
      <symbol id="sm-888">
         <name>ch_count</name>
         <value>0x800307c</value>
         <object_component_ref idref="oc-17a"/>
      </symbol>
      <symbol id="sm-889">
         <name>main</name>
         <value>0xe1c4</value>
         <object_component_ref idref="oc-91"/>
      </symbol>
      <symbol id="sm-88a">
         <name>Dut</name>
         <value>0x8003068</value>
         <object_component_ref idref="oc-17a"/>
      </symbol>
      <symbol id="sm-88b">
         <name>vTarea1</name>
         <value>0xe274</value>
         <object_component_ref idref="oc-91"/>
      </symbol>
      <symbol id="sm-88c">
         <name>vTarea3</name>
         <value>0xe4ec</value>
         <object_component_ref idref="oc-91"/>
      </symbol>
      <symbol id="sm-88d">
         <name>vTarea2</name>
         <value>0xe310</value>
         <object_component_ref idref="oc-91"/>
      </symbol>
      <symbol id="sm-8a6">
         <name>phantomInterrupt</name>
         <value>0x10b08</value>
         <object_component_ref idref="oc-38"/>
      </symbol>
      <symbol id="sm-8af">
         <name>_pmuResetCounters_</name>
         <value>0x10428</value>
         <object_component_ref idref="oc-f1"/>
      </symbol>
      <symbol id="sm-8b0">
         <name>_pmuGetEventCount_</name>
         <value>0x1045c</value>
         <object_component_ref idref="oc-f1"/>
      </symbol>
      <symbol id="sm-8b1">
         <name>_pmuResetEventCounters_</name>
         <value>0x10418</value>
         <object_component_ref idref="oc-f1"/>
      </symbol>
      <symbol id="sm-8b2">
         <name>_pmuStopCounters_</name>
         <value>0x10440</value>
         <object_component_ref idref="oc-f1"/>
      </symbol>
      <symbol id="sm-8b3">
         <name>_pmuInit_</name>
         <value>0x1039c</value>
         <object_component_ref idref="oc-f1"/>
      </symbol>
      <symbol id="sm-8b4">
         <name>_pmuGetOverflow_</name>
         <value>0x10468</value>
         <object_component_ref idref="oc-f1"/>
      </symbol>
      <symbol id="sm-8b5">
         <name>_pmuResetCycleCounter_</name>
         <value>0x10408</value>
         <object_component_ref idref="oc-f1"/>
      </symbol>
      <symbol id="sm-8b6">
         <name>_pmuSetCountEvent_</name>
         <value>0x10448</value>
         <object_component_ref idref="oc-f1"/>
      </symbol>
      <symbol id="sm-8b7">
         <name>_pmuGetCycleCount_</name>
         <value>0x10454</value>
         <object_component_ref idref="oc-f1"/>
      </symbol>
      <symbol id="sm-8b8">
         <name>_pmuEnableCountersGlobal_</name>
         <value>0x103e8</value>
         <object_component_ref idref="oc-f1"/>
      </symbol>
      <symbol id="sm-8b9">
         <name>_pmuDisableCountersGlobal_</name>
         <value>0x103f8</value>
         <object_component_ref idref="oc-f1"/>
      </symbol>
      <symbol id="sm-8ba">
         <name>_pmuStartCounters_</name>
         <value>0x10438</value>
         <object_component_ref idref="oc-f1"/>
      </symbol>
      <symbol id="sm-a1e">
         <name>pbistSelfCheck</name>
         <value>0x82cc</value>
         <object_component_ref idref="oc-84"/>
      </symbol>
      <symbol id="sm-a1f">
         <name>fmcBus1ParityCheck</name>
         <value>0x9c00</value>
         <object_component_ref idref="oc-84"/>
      </symbol>
      <symbol id="sm-a20">
         <name>can1ParityCheck</name>
         <value>0x90bc</value>
         <object_component_ref idref="oc-84"/>
      </symbol>
      <symbol id="sm-a21">
         <name>enableParity</name>
         <value>0xa3d0</value>
         <object_component_ref idref="oc-84"/>
      </symbol>
      <symbol id="sm-a22">
         <name>custom_dabort</name>
         <value>0x8df4</value>
         <object_component_ref idref="oc-84"/>
      </symbol>
      <symbol id="sm-a23">
         <name>memoryInit</name>
         <value>0x8174</value>
         <object_component_ref idref="oc-84"/>
      </symbol>
      <symbol id="sm-a24">
         <name>stcSelfCheck</name>
         <value>0x81b8</value>
         <object_component_ref idref="oc-84"/>
      </symbol>
      <symbol id="sm-a25">
         <name>efcGetConfigValue</name>
         <value>0x9f98</value>
         <object_component_ref idref="oc-84"/>
      </symbol>
      <symbol id="sm-a26">
         <name>can2ParityCheck</name>
         <value>0x9198</value>
         <object_component_ref idref="oc-84"/>
      </symbol>
      <symbol id="sm-a27">
         <name>het1ParityCheck</name>
         <value>0x8eac</value>
         <object_component_ref idref="oc-84"/>
      </symbol>
      <symbol id="sm-a28">
         <name>adc1ParityCheck</name>
         <value>0x9004</value>
         <object_component_ref idref="oc-84"/>
      </symbol>
      <symbol id="sm-a29">
         <name>checkefcSelfTest</name>
         <value>0x87bc</value>
         <object_component_ref idref="oc-84"/>
      </symbol>
      <symbol id="sm-a2a">
         <name>checkRAMECC</name>
         <value>0x93bc</value>
         <object_component_ref idref="oc-84"/>
      </symbol>
      <symbol id="sm-a2b">
         <name>stcSelfCheckFail</name>
         <value>0x8df8</value>
         <object_component_ref idref="oc-84"/>
      </symbol>
      <symbol id="sm-a2c">
         <name>ccmSelfCheck</name>
         <value>0x8030</value>
         <object_component_ref idref="oc-84"/>
      </symbol>
      <symbol id="sm-a2d">
         <name>efcCheck</name>
         <value>0x8660</value>
         <object_component_ref idref="oc-84"/>
      </symbol>
      <symbol id="sm-a2e">
         <name>cpuSelfTest</name>
         <value>0x8234</value>
         <object_component_ref idref="oc-84"/>
      </symbol>
      <symbol id="sm-a2f">
         <name>htu1ParityCheck</name>
         <value>0x8f4c</value>
         <object_component_ref idref="oc-84"/>
      </symbol>
      <symbol id="sm-a30">
         <name>checkFlashECC</name>
         <value>0x8d18</value>
         <object_component_ref idref="oc-84"/>
      </symbol>
      <symbol id="sm-a31">
         <name>cpuSelfTestFail</name>
         <value>0x8dfc</value>
         <object_component_ref idref="oc-84"/>
      </symbol>
      <symbol id="sm-a32">
         <name>checkPLL1Slip</name>
         <value>0x9880</value>
         <object_component_ref idref="oc-84"/>
      </symbol>
      <symbol id="sm-a33">
         <name>mibspi1ParityCheck</name>
         <value>0x9260</value>
         <object_component_ref idref="oc-84"/>
      </symbol>
      <symbol id="sm-a34">
         <name>ccmr4GetConfigValue</name>
         <value>0xa034</value>
         <object_component_ref idref="oc-84"/>
      </symbol>
      <symbol id="sm-a35">
         <name>pbistPortTestStatus</name>
         <value>0x8608</value>
         <object_component_ref idref="oc-84"/>
      </symbol>
      <symbol id="sm-a36">
         <name>checkFlashEEPROMECC</name>
         <value>0x96d8</value>
         <object_component_ref idref="oc-84"/>
      </symbol>
      <symbol id="sm-a37">
         <name>pbistGetConfigValue</name>
         <value>0x9db0</value>
         <object_component_ref idref="oc-84"/>
      </symbol>
      <symbol id="sm-a38">
         <name>vimParityCheck</name>
         <value>0x8e00</value>
         <object_component_ref idref="oc-84"/>
      </symbol>
      <symbol id="sm-a39">
         <name>pbistIsTestCompleted</name>
         <value>0x85a8</value>
         <object_component_ref idref="oc-84"/>
      </symbol>
      <symbol id="sm-a3a">
         <name>disableParity</name>
         <value>0xa424</value>
         <object_component_ref idref="oc-84"/>
      </symbol>
      <symbol id="sm-a3b">
         <name>pbistRun</name>
         <value>0x84ac</value>
         <object_component_ref idref="oc-84"/>
      </symbol>
      <symbol id="sm-a3c">
         <name>pbistFail</name>
         <value>0x9d2c</value>
         <object_component_ref idref="oc-84"/>
      </symbol>
      <symbol id="sm-a3d">
         <name>selftestFailNotification</name>
         <value>0x8020</value>
         <object_component_ref idref="oc-84"/>
      </symbol>
      <symbol id="sm-a3e">
         <name>errata_PBIST_4</name>
         <value>0xa0b0</value>
         <object_component_ref idref="oc-84"/>
      </symbol>
      <symbol id="sm-a3f">
         <name>efcSelfTest</name>
         <value>0x8794</value>
         <object_component_ref idref="oc-84"/>
      </symbol>
      <symbol id="sm-a40">
         <name>checkB1RAMECC</name>
         <value>0x8b28</value>
         <object_component_ref idref="oc-84"/>
      </symbol>
      <symbol id="sm-a41">
         <name>pbistStop</name>
         <value>0x8578</value>
         <object_component_ref idref="oc-84"/>
      </symbol>
      <symbol id="sm-a42">
         <name>checkRAMAddrParity</name>
         <value>0x999c</value>
         <object_component_ref idref="oc-84"/>
      </symbol>
      <symbol id="sm-a43">
         <name>checkB0RAMECC</name>
         <value>0x8938</value>
         <object_component_ref idref="oc-84"/>
      </symbol>
      <symbol id="sm-a44">
         <name>stcGetConfigValue</name>
         <value>0x9ef8</value>
         <object_component_ref idref="oc-84"/>
      </symbol>
      <symbol id="sm-a45">
         <name>pbistIsTestPassed</name>
         <value>0x85d4</value>
         <object_component_ref idref="oc-84"/>
      </symbol>
      <symbol id="sm-a46">
         <name>checkClockMonitor</name>
         <value>0x9604</value>
         <object_component_ref idref="oc-84"/>
      </symbol>
      <symbol id="sm-a47">
         <name>fmcECCcheck</name>
         <value>0x8898</value>
         <object_component_ref idref="oc-84"/>
      </symbol>
      <symbol id="sm-a48">
         <name>fmcBus2Check</name>
         <value>0x885c</value>
         <object_component_ref idref="oc-84"/>
      </symbol>
      <symbol id="sm-a49">
         <name>checkRAMUERRTest</name>
         <value>0x9aa4</value>
         <object_component_ref idref="oc-84"/>
      </symbol>
      <symbol id="sm-a4a">
         <name>efcStuckZeroTest</name>
         <value>0x86e8</value>
         <object_component_ref idref="oc-84"/>
      </symbol>
      <symbol id="sm-a73">
         <name>_c_int00</name>
         <value>0xf2f8</value>
         <object_component_ref idref="oc-1e"/>
      </symbol>
      <symbol id="sm-a74">
         <name>handlePLLLockFail</name>
         <value>0x10b10</value>
         <object_component_ref idref="oc-78"/>
      </symbol>
      <symbol id="sm-b0c">
         <name>vimChannelMap</name>
         <value>0xcddc</value>
         <object_component_ref idref="oc-44"/>
      </symbol>
      <symbol id="sm-b0d">
         <name>vimInit</name>
         <value>0xcd08</value>
         <object_component_ref idref="oc-44"/>
      </symbol>
      <symbol id="sm-b0e">
         <name>vimEnableInterrupt</name>
         <value>0xce80</value>
         <object_component_ref idref="oc-44"/>
      </symbol>
      <symbol id="sm-b0f">
         <name>vimDisableInterrupt</name>
         <value>0xcfd8</value>
         <object_component_ref idref="oc-44"/>
      </symbol>
      <symbol id="sm-b10">
         <name>vimGetConfigValue</name>
         <value>0xd05c</value>
         <object_component_ref idref="oc-44"/>
      </symbol>
      <symbol id="sm-b11">
         <name>vimParityErrorHandler</name>
         <value>0xee58</value>
         <object_component_ref idref="oc-3e"/>
      </symbol>
      <symbol id="sm-b65">
         <name>systemGetConfigValue</name>
         <value>0xa848</value>
         <object_component_ref idref="oc-7e"/>
      </symbol>
      <symbol id="sm-b66">
         <name>trimLPO</name>
         <value>0xa560</value>
         <object_component_ref idref="oc-7e"/>
      </symbol>
      <symbol id="sm-b67">
         <name>systemInit</name>
         <value>0xa74c</value>
         <object_component_ref idref="oc-7e"/>
      </symbol>
      <symbol id="sm-b68">
         <name>customTrimLPO</name>
         <value>0xaef0</value>
         <object_component_ref idref="oc-7e"/>
      </symbol>
      <symbol id="sm-b69">
         <name>tcmflashGetConfigValue</name>
         <value>0xac08</value>
         <object_component_ref idref="oc-7e"/>
      </symbol>
      <symbol id="sm-b6a">
         <name>sramGetConfigValue</name>
         <value>0xadb4</value>
         <object_component_ref idref="oc-7e"/>
      </symbol>
      <symbol id="sm-b6b">
         <name>periphInit</name>
         <value>0xa614</value>
         <object_component_ref idref="oc-7e"/>
      </symbol>
      <symbol id="sm-b6c">
         <name>setupFlash</name>
         <value>0xa5d4</value>
         <object_component_ref idref="oc-7e"/>
      </symbol>
      <symbol id="sm-b6d">
         <name>setupPLL</name>
         <value>0xa510</value>
         <object_component_ref idref="oc-7e"/>
      </symbol>
      <symbol id="sm-b6e">
         <name>mapClocks</name>
         <value>0xa668</value>
         <object_component_ref idref="oc-7e"/>
      </symbol>
      <symbol id="sm-b6f">
         <name>systemPowerDown</name>
         <value>0xa818</value>
         <object_component_ref idref="oc-7e"/>
      </symbol>
      <symbol id="sm-b87">
         <name>__aeabi_dsub</name>
         <value>0xf50c</value>
         <object_component_ref idref="oc-161"/>
      </symbol>
      <symbol id="sm-b88">
         <name>__aeabi_dadd</name>
         <value>0xf518</value>
         <object_component_ref idref="oc-161"/>
      </symbol>
      <symbol id="sm-b9a">
         <name>__aeabi_cdrcmple</name>
         <value>0x102bc</value>
         <object_component_ref idref="oc-166"/>
      </symbol>
      <symbol id="sm-bae">
         <name>__aeabi_ddiv</name>
         <value>0xf8d0</value>
         <object_component_ref idref="oc-245"/>
      </symbol>
      <symbol id="sm-bb9">
         <name>__aeabi_dmul</name>
         <value>0xffc0</value>
         <object_component_ref idref="oc-240"/>
      </symbol>
      <symbol id="sm-bc3">
         <name>__aeabi_d2uiz</name>
         <value>0x108d0</value>
         <object_component_ref idref="oc-24a"/>
      </symbol>
      <symbol id="sm-bd4">
         <name>__aeabi_fadd</name>
         <value>0xfe90</value>
         <object_component_ref idref="oc-152"/>
      </symbol>
      <symbol id="sm-bd5">
         <name>__aeabi_fsub</name>
         <value>0xfe8c</value>
         <object_component_ref idref="oc-152"/>
      </symbol>
      <symbol id="sm-be2">
         <name>__aeabi_fdiv</name>
         <value>0x10550</value>
         <object_component_ref idref="oc-157"/>
      </symbol>
      <symbol id="sm-bec">
         <name>__aeabi_fmul</name>
         <value>0x106d4</value>
         <object_component_ref idref="oc-16b"/>
      </symbol>
      <symbol id="sm-bf7">
         <name>__aeabi_f2d</name>
         <value>0x10874</value>
         <object_component_ref idref="oc-15c"/>
      </symbol>
      <symbol id="sm-c02">
         <name>__aeabi_f2uiz</name>
         <value>0x109c4</value>
         <object_component_ref idref="oc-170"/>
      </symbol>
      <symbol id="sm-c0d">
         <name>__aeabi_i2f</name>
         <value>0x10a10</value>
         <object_component_ref idref="oc-14d"/>
      </symbol>
      <symbol id="sm-c26">
         <name>memcpy</name>
         <value>0xfa60</value>
         <object_component_ref idref="oc-55"/>
      </symbol>
      <symbol id="sm-c27">
         <name>__aeabi_memcpy</name>
         <value>0xfa60</value>
         <object_component_ref idref="oc-55"/>
      </symbol>
      <symbol id="sm-c28">
         <name>__aeabi_memcpy8</name>
         <value>0xfa60</value>
         <object_component_ref idref="oc-55"/>
      </symbol>
      <symbol id="sm-c29">
         <name>__aeabi_memcpy4</name>
         <value>0xfa60</value>
         <object_component_ref idref="oc-55"/>
      </symbol>
      <symbol id="sm-c33">
         <name>__aeabi_ui2d</name>
         <value>0x10a5c</value>
         <object_component_ref idref="oc-24f"/>
      </symbol>
      <symbol id="sm-c42">
         <name>__aeabi_memset</name>
         <value>0x10628</value>
         <object_component_ref idref="oc-db"/>
      </symbol>
      <symbol id="sm-c43">
         <name>memset</name>
         <value>0x10634</value>
         <object_component_ref idref="oc-db"/>
      </symbol>
      <symbol id="sm-c44">
         <name>__aeabi_memset8</name>
         <value>0x10628</value>
         <object_component_ref idref="oc-db"/>
      </symbol>
      <symbol id="sm-c45">
         <name>__aeabi_memset4</name>
         <value>0x10628</value>
         <object_component_ref idref="oc-db"/>
      </symbol>
      <symbol id="sm-c46">
         <name>__aeabi_memclr8</name>
         <value>0x10624</value>
         <object_component_ref idref="oc-db"/>
      </symbol>
      <symbol id="sm-c47">
         <name>__aeabi_memclr4</name>
         <value>0x10624</value>
         <object_component_ref idref="oc-db"/>
      </symbol>
      <symbol id="sm-c48">
         <name>__aeabi_memclr</name>
         <value>0x10624</value>
         <object_component_ref idref="oc-db"/>
      </symbol>
      <symbol id="sm-c54">
         <name>__aeabi_uidivmod</name>
         <value>0x10928</value>
         <object_component_ref idref="oc-23b"/>
      </symbol>
      <symbol id="sm-c55">
         <name>__aeabi_uidiv</name>
         <value>0x10928</value>
         <object_component_ref idref="oc-23b"/>
      </symbol>
      <symbol id="sm-c7d">
         <name>__TI_auto_init_nobinit_nopinit</name>
         <value>0x1080c</value>
         <object_component_ref idref="oc-ff"/>
      </symbol>
      <symbol id="sm-c90">
         <name>__TI_zero_init</name>
         <value>0x10af0</value>
         <object_component_ref idref="oc-67"/>
      </symbol>
      <symbol id="sm-ca7">
         <name>__TI_decompress_none</name>
         <value>0x10adc</value>
         <object_component_ref idref="oc-17"/>
      </symbol>
      <symbol id="sm-cca">
         <name>__TI_decompress_lzss</name>
         <value>0x1077c</value>
         <object_component_ref idref="oc-11"/>
      </symbol>
      <symbol id="sm-cd5">
         <name>C$$EXIT</name>
         <value>0x10b00</value>
         <object_component_ref idref="oc-18a"/>
      </symbol>
      <symbol id="sm-cd6">
         <name>abort</name>
         <value>0x10b00</value>
         <object_component_ref idref="oc-18a"/>
      </symbol>
      <symbol id="sm-ce5">
         <name>strlen</name>
         <value>0x10abc</value>
         <object_component_ref idref="oc-2a5"/>
      </symbol>
      <symbol id="sm-cef">
         <name>__aeabi_idiv0</name>
         <value>0x10b0c</value>
         <object_component_ref idref="oc-30a"/>
      </symbol>
      <symbol id="sm-cf0">
         <name>__aeabi_ldiv0</name>
         <value>0x10b0c</value>
         <object_component_ref idref="oc-30a"/>
      </symbol>
      <symbol id="sm-cfa">
         <name>__aeabi_f2iz</name>
         <value>0x10978</value>
         <object_component_ref idref="oc-2b4"/>
      </symbol>
      <symbol id="sm-cfb">
         <name>__TI_static_base__</name>
         <value>0x0</value>
      </symbol>
      <symbol id="sm-cff">
         <name>SHT$$INIT_ARRAY$$Base</name>
         <value>0x0</value>
      </symbol>
      <symbol id="sm-d00">
         <name>SHT$$INIT_ARRAY$$Limit</name>
         <value>0x0</value>
      </symbol>
      <symbol id="sm-d01">
         <name>_system_post_cinit</name>
         <value>0x0</value>
      </symbol>
   </symbol_table>
   <title>Link successful</title>
</link_info>
